ARM Linker, 4.1 [Build 894] [Professional]

==============================================================================

Section Cross References

    startup_lpc17xx.o(STACK) refers (Special) to heapauxi.o(.text) for __use_two_region_memory
    startup_lpc17xx.o(HEAP) refers (Special) to heapauxi.o(.text) for __use_two_region_memory
    startup_lpc17xx.o(RESET) refers (Special) to heapauxi.o(.text) for __use_two_region_memory
    startup_lpc17xx.o(RESET) refers to startup_lpc17xx.o(STACK) for __initial_sp
    startup_lpc17xx.o(RESET) refers to startup_lpc17xx.o(.text) for Reset_Handler
    startup_lpc17xx.o(RESET) refers to delay.o(.text) for SysTick_Handler
    startup_lpc17xx.o(RESET) refers to pwm.o(.text) for PWM1_IRQHandler
    startup_lpc17xx.o(RESET) refers to i2c.o(.text) for I2C0_IRQHandler
    startup_lpc17xx.o(.ARM.__at_0x02FC) refers (Special) to heapauxi.o(.text) for __use_two_region_memory
    startup_lpc17xx.o(.text) refers (Special) to heapauxi.o(.text) for __use_two_region_memory
    startup_lpc17xx.o(.text) refers to system_lpc17xx.o(.text) for SystemInit
    startup_lpc17xx.o(.text) refers to __main.o(!!!main) for __main
    startup_lpc17xx.o(.text) refers to startup_lpc17xx.o(HEAP) for Heap_Mem
    startup_lpc17xx.o(.text) refers to startup_lpc17xx.o(STACK) for Stack_Mem
    main.o(.text) refers to init.o(.text) for hardware_init
    system_lpc17xx.o(.text) refers to system_lpc17xx.o(.data) for SystemFrequency
    timedef.o(.text) refers to timedef.o(.data) for vCurTime0Def
    timedef.o(.text) refers to system_lpc17xx.o(.data) for SystemFrequency
    lcd_printf.o(.text) refers to uart0.o(.text) for uart0_sendstring
    lcd_printf.o(.text) refers to c89vsprintf.o(.text) for __c89vsprintf
    uart_all.o(.text) refers to uart0.o(.text) for uart0_enable
    uart_all.o(.text) refers to uart1.o(.text) for uart1_enable
    uart0.o(.text) refers to system_lpc17xx.o(.data) for SystemFrequency
    uart1.o(.text) refers to system_lpc17xx.o(.data) for SystemFrequency
    delay.o(.text) refers to delay.o(.data) for msTicks
    i2c.o(.text) refers to i2c.o(.data) for I2C_end
    pcf8563.o(.text) refers to i2c.o(.text) for I2C_WriteNByte
    pcf8563.o(.text) refers to pcf8563.o(.data) for TimeAndDate
    pwm.o(.text) refers to pwm.o(.data) for match_counter1
    lcd12864.o(.text) refers to lcd12864.o(.constdata) for acHZK16F
    lcd12864.o(.text) refers to lcd12864.o(.data) for Hzk1
    init.o(.text) refers to system_lpc17xx.o(.text) for SystemClockUpdate
    init.o(.text) refers to gpio.o(.text) for gpio_init
    init.o(.text) refers to uart0.o(.text) for uart0_init
    init.o(.text) refers to uart1.o(.text) for uart1_init
    init.o(.text) refers to lcd12864.o(.text) for lcd_init
    init.o(.text) refers to extint.o(.text) for extint1_init
    init.o(.text) refers to i2c.o(.text) for i2c0_init
    init.o(.text) refers to timedef.o(.text) for Get_Timer_200us
    init.o(.text) refers to timer_all.o(.text) for timer_all_init
    init.o(.text) refers to ssp.o(.text) for ssp1_init
    init.o(.text) refers to led.o(.text) for led_init
    init.o(.text) refers to relay.o(.text) for Relay_Init
    init.o(.text) refers to pwm.o(.text) for PWM_Init
    c89vsprintf.o(.text) refers (Special) to _printf_a.o(.ARM.Collect$$_printf_percent$$00000006) for _printf_a
    c89vsprintf.o(.text) refers (Special) to _printf_c.o(.ARM.Collect$$_printf_percent$$00000013) for _printf_c
    c89vsprintf.o(.text) refers (Special) to _printf_charcount.o(.text) for _printf_charcount
    c89vsprintf.o(.text) refers (Special) to _printf_d.o(.ARM.Collect$$_printf_percent$$00000009) for _printf_d
    c89vsprintf.o(.text) refers (Special) to _printf_e.o(.ARM.Collect$$_printf_percent$$00000004) for _printf_e
    c89vsprintf.o(.text) refers (Special) to _printf_f.o(.ARM.Collect$$_printf_percent$$00000003) for _printf_f
    c89vsprintf.o(.text) refers (Special) to printf1.o(x$fpl$printf1) for _printf_fp_dec
    c89vsprintf.o(.text) refers (Special) to _printf_g.o(.ARM.Collect$$_printf_percent$$00000005) for _printf_g
    c89vsprintf.o(.text) refers (Special) to _printf_i.o(.ARM.Collect$$_printf_percent$$00000008) for _printf_i
    c89vsprintf.o(.text) refers (Special) to _printf_dec.o(.text) for _printf_int_dec
    c89vsprintf.o(.text) refers (Special) to _printf_l.o(.ARM.Collect$$_printf_percent$$00000012) for _printf_l
    c89vsprintf.o(.text) refers (Special) to _printf_lc.o(.ARM.Collect$$_printf_percent$$00000015) for _printf_lc
    c89vsprintf.o(.text) refers (Special) to _printf_ll.o(.ARM.Collect$$_printf_percent$$00000007) for _printf_ll
    c89vsprintf.o(.text) refers (Special) to _printf_lld.o(.ARM.Collect$$_printf_percent$$0000000E) for _printf_lld
    c89vsprintf.o(.text) refers (Special) to _printf_lli.o(.ARM.Collect$$_printf_percent$$0000000D) for _printf_lli
    c89vsprintf.o(.text) refers (Special) to _printf_llo.o(.ARM.Collect$$_printf_percent$$00000010) for _printf_llo
[...]
    _printf_hex_int.o(.text) refers to _printf_intcommon.o(.text) for _printf_int_common
    _printf_hex_int.o(.text) refers to _printf_hex_int.o(.constdata) for .constdata
    _printf_hex_int_ll.o(.text) refers to _printf_intcommon.o(.text) for _printf_int_common
    _printf_hex_int_ll.o(.text) refers (Weak) to _printf_truncate.o(.text) for _printf_truncate_unsigned
    _printf_hex_int_ll.o(.text) refers to _printf_hex_int_ll.o(.constdata) for .constdata
    _printf_hex_ptr.o(.text) refers to _printf_intcommon.o(.text) for _printf_int_common
    _printf_hex_ptr.o(.text) refers to _printf_hex_ptr.o(.constdata) for .constdata
    _printf_hex_int_ptr.o(.text) refers to _printf_intcommon.o(.text) for _printf_int_common
    _printf_hex_int_ptr.o(.text) refers (Weak) to _printf_truncate.o(.text) for _printf_truncate_unsigned
    _printf_hex_int_ptr.o(.text) refers to _printf_hex_int_ptr.o(.constdata) for .constdata
    _printf_hex_ll_ptr.o(.text) refers to _printf_intcommon.o(.text) for _printf_int_common
    _printf_hex_ll_ptr.o(.text) refers to _printf_hex_ll_ptr.o(.constdata) for .constdata
    _printf_hex_int_ll_ptr.o(.text) refers to _printf_intcommon.o(.text) for _printf_int_common
    _printf_hex_int_ll_ptr.o(.text) refers (Weak) to _printf_truncate.o(.text) for _printf_truncate_unsigned
    _printf_hex_int_ll_ptr.o(.text) refers to _printf_hex_int_ll_ptr.o(.constdata) for .constdata
    __printf_flags.o(.text) refers to _printf_percent.o(.ARM.Collect$$_printf_percent$$00000000) for _printf_percent
    __printf_flags.o(.text) refers to __printf_flags.o(.constdata) for .constdata
    __printf_ss.o(.text) refers to _printf_percent.o(.ARM.Collect$$_printf_percent$$00000000) for _printf_percent
    __printf_flags_ss.o(.text) refers to _printf_percent.o(.ARM.Collect$$_printf_percent$$00000000) for _printf_percent
    __printf_flags_ss.o(.text) refers to __printf_flags_ss.o(.constdata) for .constdata
    __printf_wp.o(.text) refers to __printf_wp.o(i._is_digit) for _is_digit
    __printf_wp.o(.text) refers to _printf_percent.o(.ARM.Collect$$_printf_percent$$00000000) for _printf_percent
    __printf_flags_wp.o(.text) refers to __printf_wp.o(i._is_digit) for _is_digit
    __printf_flags_wp.o(.text) refers to _printf_percent.o(.ARM.Collect$$_printf_percent$$00000000) for _printf_percent
    __printf_flags_wp.o(.text) refers to __printf_flags_wp.o(.constdata) for .constdata
    __printf_ss_wp.o(.text) refers to __printf_wp.o(i._is_digit) for _is_digit
    __printf_ss_wp.o(.text) refers to _printf_percent.o(.ARM.Collect$$_printf_percent$$00000000) for _printf_percent
    __printf_flags_ss_wp.o(.text) refers to __printf_wp.o(i._is_digit) for _is_digit
    __printf_flags_ss_wp.o(.text) refers to _printf_percent.o(.ARM.Collect$$_printf_percent$$00000000) for _printf_percent
    __printf_flags_ss_wp.o(.text) refers to __printf_flags_ss_wp.o(.constdata) for .constdata
    _printf_c.o(.ARM.Collect$$_printf_percent$$00000013) refers (Weak) to _printf_char.o(.text) for _printf_char
    _printf_s.o(.ARM.Collect$$_printf_percent$$00000014) refers (Weak) to _printf_char.o(.text) for _printf_string
    _printf_n.o(.ARM.Collect$$_printf_percent$$00000001) refers (Weak) to _printf_charcount.o(.text) for _printf_charcount
    _printf_x.o(.ARM.Collect$$_printf_percent$$0000000C) refers (Weak) to _printf_hex_int_ll_ptr.o(.text) for _printf_int_hex
    _printf_p.o(.ARM.Collect$$_printf_percent$$00000002) refers (Weak) to _printf_hex_int_ll_ptr.o(.text) for _printf_hex_ptr
    _printf_o.o(.ARM.Collect$$_printf_percent$$0000000B) refers (Weak) to _printf_oct_int_ll.o(.text) for _printf_int_oct
    _printf_i.o(.ARM.Collect$$_printf_percent$$00000008) refers (Weak) to _printf_dec.o(.text) for _printf_int_dec
    _printf_d.o(.ARM.Collect$$_printf_percent$$00000009) refers (Weak) to _printf_dec.o(.text) for _printf_int_dec
    _printf_u.o(.ARM.Collect$$_printf_percent$$0000000A) refers (Weak) to _printf_dec.o(.text) for _printf_int_dec
    _printf_f.o(.ARM.Collect$$_printf_percent$$00000003) refers (Weak) to printf1.o(x$fpl$printf1) for _printf_fp_dec
    _printf_e.o(.ARM.Collect$$_printf_percent$$00000004) refers (Weak) to printf1.o(x$fpl$printf1) for _printf_fp_dec
    _printf_g.o(.ARM.Collect$$_printf_percent$$00000005) refers (Weak) to printf1.o(x$fpl$printf1) for _printf_fp_dec
    _printf_percent.o(.ARM.Collect$$_printf_percent$$00000000) refers (Special) to _printf_percent_end.o(.ARM.Collect$$_printf_percent$$00000017) for _printf_percent_end
    _printf_lli.o(.ARM.Collect$$_printf_percent$$0000000D) refers (Special) to _printf_ll.o(.ARM.Collect$$_printf_percent$$00000007) for _printf_ll
    _printf_lli.o(.ARM.Collect$$_printf_percent$$0000000D) refers (Weak) to _printf_longlong_dec.o(.text) for _printf_longlong_dec
    _printf_lld.o(.ARM.Collect$$_printf_percent$$0000000E) refers (Special) to _printf_ll.o(.ARM.Collect$$_printf_percent$$00000007) for _printf_ll
    _printf_lld.o(.ARM.Collect$$_printf_percent$$0000000E) refers (Weak) to _printf_longlong_dec.o(.text) for _printf_longlong_dec
    _printf_llu.o(.ARM.Collect$$_printf_percent$$0000000F) refers (Special) to _printf_ll.o(.ARM.Collect$$_printf_percent$$00000007) for _printf_ll
    _printf_llu.o(.ARM.Collect$$_printf_percent$$0000000F) refers (Weak) to _printf_longlong_dec.o(.text) for _printf_longlong_dec
    _printf_lc.o(.ARM.Collect$$_printf_percent$$00000015) refers (Special) to _printf_l.o(.ARM.Collect$$_printf_percent$$00000012) for _printf_l
    _printf_lc.o(.ARM.Collect$$_printf_percent$$00000015) refers (Weak) to _printf_wchar.o(.text) for _printf_wchar
    _printf_ls.o(.ARM.Collect$$_printf_percent$$00000016) refers (Special) to _printf_l.o(.ARM.Collect$$_printf_percent$$00000012) for _printf_l
    _printf_ls.o(.ARM.Collect$$_printf_percent$$00000016) refers (Weak) to _printf_wchar.o(.text) for _printf_wstring
    _printf_llo.o(.ARM.Collect$$_printf_percent$$00000010) refers (Special) to _printf_ll.o(.ARM.Collect$$_printf_percent$$00000007) for _printf_ll
    _printf_llo.o(.ARM.Collect$$_printf_percent$$00000010) refers (Weak) to _printf_oct_int_ll.o(.text) for _printf_ll_oct
    _printf_llx.o(.ARM.Collect$$_printf_percent$$00000011) refers (Special) to _printf_ll.o(.ARM.Collect$$_printf_percent$$00000007) for _printf_ll
    _printf_llx.o(.ARM.Collect$$_printf_percent$$00000011) refers (Weak) to _printf_hex_int_ll_ptr.o(.text) for _printf_ll_hex
    printf1.o(x$fpl$printf1) refers to _printf_fp_dec.o(.text) for _printf_fp_dec_real
    rtentry2.o(.ARM.Collect$$rtentry$$00000008) refers to boardinit2.o(.text) for _platform_post_stackheap_init
    rtentry2.o(.ARM.Collect$$rtentry$$0000000A) refers to libinit.o(.ARM.Collect$$libinit$$00000000) for __rt_lib_init
    rtentry2.o(.ARM.Collect$$rtentry$$0000000B) refers to boardinit3.o(.text) for _platform_post_lib_init
    rtentry2.o(.ARM.Collect$$rtentry$$0000000D) refers to main.o(.text) for main
    rtentry2.o(.ARM.Collect$$rtentry$$0000000D) refers to exit.o(.text) for exit
    rtentry2.o(.ARM.exidx) refers to rtentry2.o(.ARM.Collect$$rtentry$$00000001) for .ARM.Collect$$rtentry$$00000001
    rtentry2.o(.ARM.exidx) refers to rtentry2.o(.ARM.Collect$$rtentry$$00000008) for .ARM.Collect$$rtentry$$00000008
    rtentry2.o(.ARM.exidx) refers to rtentry2.o(.ARM.Collect$$rtentry$$0000000A) for .ARM.Collect$$rtentry$$0000000A
    rtentry2.o(.ARM.exidx) refers to rtentry2.o(.ARM.Collect$$rtentry$$0000000B) for .ARM.Collect$$rtentry$$0000000B
    rtentry2.o(.ARM.exidx) refers to rtentry2.o(.ARM.Collect$$rtentry$$0000000D) for .ARM.Collect$$rtentry$$0000000D
    rtentry4.o(.ARM.Collect$$rtentry$$00000004) refers to sys_stackheap_outer.o(.text) for __user_setup_stackheap
    rtentry4.o(.ARM.exidx) refers to rtentry4.o(.ARM.Collect$$rtentry$$00000004) for .ARM.Collect$$rtentry$$00000004
    _printf_intcommon.o(.text) refers (Weak) to _printf_pad.o(.text) for _printf_pre_padding
    _printf_intcommon.o(.text) refers (Weak) to _printf_pad.o(.text) for _printf_pre_padding
    _printf_intcommon.o(.text) refers (Weak) to _printf_pad.o(.text) for _printf_post_padding
    _printf_fp_dec.o(.text) refers (Special) to usenofp.o(x$fpl$usenofp) for __I$use$fp
    _printf_fp_dec.o(.text) refers (Special) to lc_numeric_c.o(locale$$code) for _get_lc_numeric
    _printf_fp_dec.o(.text) refers to bigflt0.o(.text) for _btod_etento
    _printf_fp_dec.o(.text) refers to btod.o(CL$$btod_d2e) for _btod_d2e
    _printf_fp_dec.o(.text) refers to btod.o(CL$$btod_ediv) for _btod_ediv
    _printf_fp_dec.o(.text) refers to btod.o(CL$$btod_emul) for _btod_emul
    _printf_fp_dec.o(.text) refers to lludiv10.o(.text) for _ll_udiv10
    _printf_fp_dec.o(.text) refers to fpclassify.o(i.__ARM_fpclassify) for __ARM_fpclassify
    _printf_fp_dec.o(.text) refers to _printf_fp_infnan.o(.text) for _printf_fp_infnan
    _printf_fp_dec.o(.text) refers (Weak) to _printf_pad.o(.text) for _printf_pre_padding
    _printf_fp_dec.o(.text) refers (Weak) to _printf_pad.o(.text) for _printf_pre_padding
    _printf_fp_dec.o(.text) refers to rt_locale_intlibspace.o(.text) for __rt_locale
    _printf_fp_dec.o(.text) refers (Weak) to _printf_pad.o(.text) for _printf_post_padding
    _printf_char.o(.text) refers (Weak) to _printf_str.o(.text) for _printf_str
    _printf_wchar.o(.text) refers (Weak) to _printf_wctomb.o(.text) for _printf_wctomb
    _wcrtomb.o(.text) refers to rt_ctype_table.o(.text) for __rt_ctype_table
    sys_stackheap_outer.o(.text) refers to libspace.o(.text) for __user_perproc_libspace
    sys_stackheap_outer.o(.text) refers to startup_lpc17xx.o(.text) for __user_initial_stackheap
    rt_ctype_table.o(.text) refers to rt_locale_intlibspace.o(.text) for __rt_locale
    rt_ctype_table.o(.text) refers to lc_ctype_c.o(locale$$code) for _get_lc_ctype
    rt_locale.o(.text) refers to rt_locale.o(.bss) for __rt_locale_data
    rt_locale_intlibspace.o(.text) refers to libspace.o(.bss) for __libspace_start
    _printf_fp_infnan.o(.text) refers (Weak) to _printf_pad.o(.text) for _printf_pre_padding
    _printf_fp_infnan.o(.text) refers (Weak) to _printf_pad.o(.text) for _printf_post_padding
    bigflt0.o(.text) refers (Special) to usenofp.o(x$fpl$usenofp) for __I$use$fp
    bigflt0.o(.text) refers to btod.o(CL$$btod_emul) for _btod_emul
    bigflt0.o(.text) refers to btod.o(CL$$btod_ediv) for _btod_ediv
    bigflt0.o(.text) refers to bigflt0.o(.constdata) for .constdata
    bigflt0.o(.constdata) refers (Special) to usenofp.o(x$fpl$usenofp) for __I$use$fp
    btod.o(CL$$btod_d2e) refers (Special) to usenofp.o(x$fpl$usenofp) for __I$use$fp
    btod.o(CL$$btod_d2e) refers to btod.o(CL$$btod_d2e_norm_op1) for _d2e_norm_op1
    btod.o(CL$$btod_d2e_norm_op1) refers (Special) to usenofp.o(x$fpl$usenofp) for __I$use$fp
    btod.o(CL$$btod_d2e_norm_op1) refers to btod.o(CL$$btod_d2e_denorm_low) for _d2e_denorm_low
    btod.o(CL$$btod_d2e_denorm_low) refers (Special) to usenofp.o(x$fpl$usenofp) for __I$use$fp
    btod.o(CL$$btod_emul) refers (Special) to usenofp.o(x$fpl$usenofp) for __I$use$fp
    btod.o(CL$$btod_emul) refers to btod.o(CL$$btod_mult_common) for __btod_mult_common
    btod.o(CL$$btod_emul) refers to btod.o(CL$$btod_e2e) for _e2e
    btod.o(CL$$btod_ediv) refers (Special) to usenofp.o(x$fpl$usenofp) for __I$use$fp
    btod.o(CL$$btod_ediv) refers to btod.o(CL$$btod_div_common) for __btod_div_common
    btod.o(CL$$btod_ediv) refers to btod.o(CL$$btod_e2e) for _e2e
    btod.o(CL$$btod_emuld) refers (Special) to usenofp.o(x$fpl$usenofp) for __I$use$fp
    btod.o(CL$$btod_emuld) refers to btod.o(CL$$btod_mult_common) for __btod_mult_common
    btod.o(CL$$btod_emuld) refers to btod.o(CL$$btod_e2d) for _e2d
    btod.o(CL$$btod_edivd) refers (Special) to usenofp.o(x$fpl$usenofp) for __I$use$fp
    btod.o(CL$$btod_edivd) refers to btod.o(CL$$btod_div_common) for __btod_div_common
    btod.o(CL$$btod_edivd) refers to btod.o(CL$$btod_e2d) for _e2d
    btod.o(CL$$btod_e2e) refers (Special) to usenofp.o(x$fpl$usenofp) for __I$use$fp
    btod.o(CL$$btod_e2d) refers (Special) to usenofp.o(x$fpl$usenofp) for __I$use$fp
    btod.o(CL$$btod_e2d) refers to btod.o(CL$$btod_e2e) for _e2e
    btod.o(CL$$btod_mult_common) refers (Special) to usenofp.o(x$fpl$usenofp) for __I$use$fp
    btod.o(CL$$btod_div_common) refers (Special) to usenofp.o(x$fpl$usenofp) for __I$use$fp
    lc_numeric_c.o(locale$$data) refers (Special) to libinit2.o(.ARM.Collect$$libinit$$00000012) for __rt_lib_init_lc_numeric_2
    lc_numeric_c.o(locale$$code) refers (Special) to libinit2.o(.ARM.Collect$$libinit$$00000012) for __rt_lib_init_lc_numeric_2
    lc_numeric_c.o(locale$$code) refers to strcmpv7m.o(.text) for strcmp
    lc_numeric_c.o(locale$$code) refers to lc_numeric_c.o(locale$$data) for __lcnum_c_name
    exit.o(.text) refers to rtexit.o(.ARM.Collect$$rtexit$$00000000) for __rt_exit
    libinit.o(.ARM.Collect$$libinit$$00000000) refers (Special) to libinit2.o(.ARM.Collect$$libinit$$0000002A) for __rt_lib_init_alloca_1
    libinit.o(.ARM.Collect$$libinit$$00000000) refers (Special) to libinit2.o(.ARM.Collect$$libinit$$00000028) for __rt_lib_init_argv_1
    libinit.o(.ARM.Collect$$libinit$$00000000) refers (Special) to libinit2.o(.ARM.Collect$$libinit$$00000017) for __rt_lib_init_atexit_1
    libinit.o(.ARM.Collect$$libinit$$00000000) refers (Special) to libinit2.o(.ARM.Collect$$libinit$$0000001D) for __rt_lib_init_clock_1
    libinit.o(.ARM.Collect$$libinit$$00000000) refers (Special) to libinit2.o(.ARM.Collect$$libinit$$0000002E) for __rt_lib_init_cpp_1
    libinit.o(.ARM.Collect$$libinit$$00000000) refers (Special) to libinit2.o(.ARM.Collect$$libinit$$0000002C) for __rt_lib_init_exceptions_1
    libinit.o(.ARM.Collect$$libinit$$00000000) refers (Special) to libinit2.o(.ARM.Collect$$libinit$$0000001B) for __rt_lib_init_fp_trap_1
    libinit.o(.ARM.Collect$$libinit$$00000000) refers (Special) to libinit2.o(.ARM.Collect$$libinit$$0000001F) for __rt_lib_init_getenv_1
    libinit.o(.ARM.Collect$$libinit$$00000000) refers (Special) to libinit2.o(.ARM.Collect$$libinit$$00000006) for __rt_lib_init_heap_1
    libinit.o(.ARM.Collect$$libinit$$00000000) refers (Special) to libinit2.o(.ARM.Collect$$libinit$$0000000D) for __rt_lib_init_lc_collate_1
    libinit.o(.ARM.Collect$$libinit$$00000000) refers (Special) to libinit2.o(.ARM.Collect$$libinit$$0000000F) for __rt_lib_init_lc_ctype_1
    libinit.o(.ARM.Collect$$libinit$$00000000) refers (Special) to libinit2.o(.ARM.Collect$$libinit$$00000011) for __rt_lib_init_lc_monetary_1
    libinit.o(.ARM.Collect$$libinit$$00000000) refers (Special) to libinit2.o(.ARM.Collect$$libinit$$00000013) for __rt_lib_init_lc_numeric_1
    libinit.o(.ARM.Collect$$libinit$$00000000) refers (Special) to libinit2.o(.ARM.Collect$$libinit$$00000015) for __rt_lib_init_lc_time_1
    libinit.o(.ARM.Collect$$libinit$$00000000) refers (Special) to libinit2.o(.ARM.Collect$$libinit$$0000000A) for __rt_lib_init_rand_1
    libinit.o(.ARM.Collect$$libinit$$00000000) refers (Special) to libinit2.o(.ARM.Collect$$libinit$$0000002F) for __rt_lib_init_return
    libinit.o(.ARM.Collect$$libinit$$00000000) refers (Special) to libinit2.o(.ARM.Collect$$libinit$$00000019) for __rt_lib_init_signal_1
    libinit.o(.ARM.Collect$$libinit$$00000000) refers (Special) to libinit2.o(.ARM.Collect$$libinit$$00000021) for __rt_lib_init_stdio_1
    libinit.o(.ARM.Collect$$libinit$$00000000) refers (Special) to libinit2.o(.ARM.Collect$$libinit$$00000008) for __rt_lib_init_user_alloc_1
    libinit.o(.ARM.Collect$$libinit$$00000000) refers to fpinit.o(x$fpl$fpinit) for _fp_init
    istatus.o(x$fpl$ieeestatus) refers (Special) to usenofp.o(x$fpl$usenofp) for __I$use$fp
    fpclassify.o(i.__ARM_fpclassify) refers (Special) to usenofp.o(x$fpl$usenofp) for __I$use$fp
    libspace.o(.text) refers to libspace.o(.bss) for __libspace_start
    rtexit.o(.ARM.Collect$$rtexit$$00000000) refers (Special) to rtexit2.o(.ARM.Collect$$rtexit$$00000004) for __rt_exit_exit
    rtexit.o(.ARM.Collect$$rtexit$$00000000) refers (Special) to rtexit2.o(.ARM.Collect$$rtexit$$00000003) for __rt_exit_ls
    rtexit.o(.ARM.Collect$$rtexit$$00000000) refers (Special) to rtexit2.o(.ARM.Collect$$rtexit$$00000002) for __rt_exit_prels_1
    rtexit.o(.ARM.exidx) refers (Special) to rtexit2.o(.ARM.Collect$$rtexit$$00000004) for __rt_exit_exit
    rtexit.o(.ARM.exidx) refers (Special) to rtexit2.o(.ARM.Collect$$rtexit$$00000003) for __rt_exit_ls
    rtexit.o(.ARM.exidx) refers (Special) to rtexit2.o(.ARM.Collect$$rtexit$$00000002) for __rt_exit_prels_1
    rtexit.o(.ARM.exidx) refers to rtexit.o(.ARM.Collect$$rtexit$$00000000) for .ARM.Collect$$rtexit$$00000000
    lc_ctype_c.o(locale$$data) refers (Special) to libinit2.o(.ARM.Collect$$libinit$$0000000E) for __rt_lib_init_lc_ctype_2
    lc_ctype_c.o(locale$$code) refers (Special) to libinit2.o(.ARM.Collect$$libinit$$0000000E) for __rt_lib_init_lc_ctype_2
    lc_ctype_c.o(locale$$code) refers to strcmpv7m.o(.text) for strcmp
    lc_ctype_c.o(locale$$code) refers to lc_ctype_c.o(locale$$data) for __lcctype_c_name
    libinit2.o(.ARM.Collect$$libinit$$0000000B) refers (Weak) to rt_locale_intlibspace.o(.text) for __rt_locale
    libinit2.o(.ARM.Collect$$libinit$$0000000C) refers to libinit2.o(.ARM.Collect$$libinit$$0000000B) for .ARM.Collect$$libinit$$0000000B
    libinit2.o(.ARM.Collect$$libinit$$0000000E) refers to libinit2.o(.ARM.Collect$$libinit$$0000000B) for .ARM.Collect$$libinit$$0000000B
    libinit2.o(.ARM.Collect$$libinit$$0000000E) refers (Weak) to lc_ctype_c.o(locale$$code) for _get_lc_ctype
    libinit2.o(.ARM.Collect$$libinit$$00000010) refers to libinit2.o(.ARM.Collect$$libinit$$0000000B) for .ARM.Collect$$libinit$$0000000B
    libinit2.o(.ARM.Collect$$libinit$$00000012) refers to libinit2.o(.ARM.Collect$$libinit$$0000000B) for .ARM.Collect$$libinit$$0000000B
    libinit2.o(.ARM.Collect$$libinit$$00000012) refers (Weak) to lc_numeric_c.o(locale$$code) for _get_lc_numeric
    libinit2.o(.ARM.Collect$$libinit$$00000014) refers to libinit2.o(.ARM.Collect$$libinit$$0000000B) for .ARM.Collect$$libinit$$0000000B
    libinit2.o(.ARM.Collect$$libinit$$00000022) refers to argv_veneer.o(.emb_text) for __ARM_argv_veneer
    libinit2.o(.ARM.Collect$$libinit$$00000023) refers to argv_veneer.o(.emb_text) for __ARM_argv_veneer
    fpinit.o(x$fpl$fpinit) refers to rt_fp_status_addr_intlibspace.o(.text) for __rt_fp_status_addr
    rtexit2.o(.ARM.Collect$$rtexit$$00000003) refers to libshutdown.o(.ARM.Collect$$libshutdown$$00000000) for __rt_lib_shutdown
    rtexit2.o(.ARM.Collect$$rtexit$$00000004) refers to sys_exit.o(.text) for _sys_exit
    rtexit2.o(.ARM.exidx) refers to rtexit2.o(.ARM.Collect$$rtexit$$00000001) for .ARM.Collect$$rtexit$$00000001
    rtexit2.o(.ARM.exidx) refers to rtexit2.o(.ARM.Collect$$rtexit$$00000003) for .ARM.Collect$$rtexit$$00000003
    rtexit2.o(.ARM.exidx) refers to rtexit2.o(.ARM.Collect$$rtexit$$00000004) for .ARM.Collect$$rtexit$$00000004
    rt_fp_status_addr.o(.text) refers to rt_fp_status_addr.o(.bss) for __rt_fp_status_addr_data
    rt_fp_status_addr_intlibspace.o(.text) refers to libspace.o(.bss) for __libspace_start
    argv_veneer.o(.emb_text) refers to no_argv.o(.text) for __ARM_get_argv
    sys_exit.o(.text) refers (Special) to use_no_semi.o(.text) for __I$use$semihosting
    sys_exit.o(.text) refers (Special) to indicate_semi.o(.text) for __semihosting_library_function
    _get_argv_nomalloc.o(.text) refers (Special) to hrguard.o(.text) for __heap_region$guard
    _get_argv_nomalloc.o(.text) refers to defsig_rtmem_outer.o(.text) for __rt_SIGRTMEM
    _get_argv_nomalloc.o(.text) refers to sys_command.o(.text) for _sys_command_string
    libshutdown.o(.ARM.Collect$$libshutdown$$00000000) refers (Special) to libshutdown2.o(.ARM.Collect$$libshutdown$$00000006) for __rt_lib_shutdown_fp_trap_1
    libshutdown.o(.ARM.Collect$$libshutdown$$00000000) refers (Special) to libshutdown2.o(.ARM.Collect$$libshutdown$$0000000E) for __rt_lib_shutdown_heap_1
    libshutdown.o(.ARM.Collect$$libshutdown$$00000000) refers (Special) to libshutdown2.o(.ARM.Collect$$libshutdown$$0000000F) for __rt_lib_shutdown_return
    libshutdown.o(.ARM.Collect$$libshutdown$$00000000) refers (Special) to libshutdown2.o(.ARM.Collect$$libshutdown$$00000009) for __rt_lib_shutdown_signal_1
    libshutdown.o(.ARM.Collect$$libshutdown$$00000000) refers (Special) to libshutdown2.o(.ARM.Collect$$libshutdown$$00000003) for __rt_lib_shutdown_stdio_1
    libshutdown.o(.ARM.Collect$$libshutdown$$00000000) refers (Special) to libshutdown2.o(.ARM.Collect$$libshutdown$$0000000B) for __rt_lib_shutdown_user_alloc_1
    sys_command.o(.text) refers (Special) to use_no_semi.o(.text) for __I$use$semihosting
    sys_command.o(.text) refers (Special) to indicate_semi.o(.text) for __semihosting_library_function
    defsig_rtmem_outer.o(.text) refers to defsig_rtmem_inner.o(.text) for __rt_SIGRTMEM_inner
    defsig_rtmem_outer.o(.text) refers to defsig_exit.o(.text) for __sig_exit
    defsig_rtmem_formal.o(.text) refers to rt_raise.o(.text) for __rt_raise
    rt_raise.o(.text) refers to __raise.o(.text) for __raise
    rt_raise.o(.text) refers to sys_exit.o(.text) for _sys_exit
    defsig_exit.o(.text) refers to sys_exit.o(.text) for _sys_exit
    defsig_rtmem_inner.o(.text) refers to defsig_general.o(.text) for __default_signal_display
    __raise.o(.text) refers to defsig.o(CL$$defsig) for __default_signal_handler
    defsig_general.o(.text) refers to sys_wrch.o(.text) for _ttywrch
    sys_wrch.o(.text) refers (Special) to use_no_semi.o(.text) for __I$use$semihosting
    sys_wrch.o(.text) refers (Special) to indicate_semi.o(.text) for __semihosting_library_function
    defsig.o(CL$$defsig) refers to defsig_rtmem_inner.o(.text) for __rt_SIGRTMEM_inner
    defsig_abrt_inner.o(.text) refers to defsig_general.o(.text) for __default_signal_display
    defsig_fpe_inner.o(.text) refers to defsig_general.o(.text) for __default_signal_display
    defsig_rtred_inner.o(.text) refers to defsig_general.o(.text) for __default_signal_display
    defsig_stak_inner.o(.text) refers to defsig_general.o(.text) for __default_signal_display
    defsig_pvfn_inner.o(.text) refers to defsig_general.o(.text) for __default_signal_display
    defsig_cppl_inner.o(.text) refers to defsig_general.o(.text) for __default_signal_display
    defsig_segv_inner.o(.text) refers to defsig_general.o(.text) for __default_signal_display
    defsig_other.o(.text) refers to defsig_general.o(.text) for __default_signal_display


==============================================================================

Removing Unused input sections from the image.

    Removing main.o(.rev16_text), (4 bytes).
    Removing main.o(.revsh_text), (4 bytes).
    Removing system_lpc17xx.o(.rev16_text), (4 bytes).
    Removing system_lpc17xx.o(.revsh_text), (4 bytes).
    Removing timedef.o(.rev16_text), (4 bytes).
    Removing timedef.o(.revsh_text), (4 bytes).
    Removing lcd_printf.o(.rev16_text), (4 bytes).
    Removing lcd_printf.o(.revsh_text), (4 bytes).
    Removing lcd_printf.o(.text), (44 bytes).
    Removing uart_all.o(.rev16_text), (4 bytes).
    Removing uart_all.o(.revsh_text), (4 bytes).
    Removing uart_all.o(.text), (24 bytes).
    Removing uart0.o(.rev16_text), (4 bytes).
    Removing uart0.o(.revsh_text), (4 bytes).
    Removing uart1.o(.rev16_text), (4 bytes).
    Removing uart1.o(.revsh_text), (4 bytes).
    Removing delay.o(.rev16_text), (4 bytes).
    Removing delay.o(.revsh_text), (4 bytes).
    Removing timer_all.o(.rev16_text), (4 bytes).
    Removing timer_all.o(.revsh_text), (4 bytes).
    Removing i2c.o(.rev16_text), (4 bytes).
    Removing i2c.o(.revsh_text), (4 bytes).
    Removing gpio.o(.rev16_text), (4 bytes).
    Removing gpio.o(.revsh_text), (4 bytes).
    Removing ssp.o(.rev16_text), (4 bytes).
    Removing ssp.o(.revsh_text), (4 bytes).
    Removing pcf8563.o(.rev16_text), (4 bytes).
    Removing pcf8563.o(.revsh_text), (4 bytes).
    Removing pcf8563.o(.text), (1440 bytes).
    Removing pcf8563.o(.data), (8 bytes).
    Removing led.o(.rev16_text), (4 bytes).
    Removing led.o(.revsh_text), (4 bytes).
    Removing pwm.o(.rev16_text), (4 bytes).
    Removing pwm.o(.revsh_text), (4 bytes).
    Removing relay.o(.rev16_text), (4 bytes).
    Removing relay.o(.revsh_text), (4 bytes).
    Removing lcd12864.o(.rev16_text), (4 bytes).
    Removing lcd12864.o(.revsh_text), (4 bytes).
    Removing extint.o(.rev16_text), (4 bytes).
    Removing extint.o(.revsh_text), (4 bytes).
    Removing init.o(.rev16_text), (4 bytes).
    Removing init.o(.revsh_text), (4 bytes).

42 unused section(s) (total 1668 bytes) removed from the image.

==============================================================================

Image Symbol Table

    Local Symbols

    Symbol Name                              Value     Ov Type        Size  Object(Section)

    RESET                                    0x00000000   Section      204  startup_lpc17xx.o(RESET)
    ../../angel/boardlib.s                   0x00000000   Number         0  boardshut.o ABSOLUTE
    ../../angel/boardlib.s                   0x00000000   Number         0  boardinit3.o ABSOLUTE
    ../../angel/boardlib.s                   0x00000000   Number         0  boardinit2.o ABSOLUTE
    ../../angel/boardlib.s                   0x00000000   Number         0  boardinit1.o ABSOLUTE
    ../../angel/dczerorl2.s                  0x00000000   Number         0  __dczerorl2.o ABSOLUTE
    ../../angel/handlers.s                   0x00000000   Number         0  __scatter_zi.o ABSOLUTE
    ../../angel/kernel.s                     0x00000000   Number         0  rtexit.o ABSOLUTE
    ../../angel/kernel.s                     0x00000000   Number         0  rtentry2.o ABSOLUTE
    ../../angel/kernel.s                     0x00000000   Number         0  rtentry4.o ABSOLUTE
    ../../angel/kernel.s                     0x00000000   Number         0  rtentry.o ABSOLUTE
    ../../angel/kernel.s                     0x00000000   Number         0  rtexit2.o ABSOLUTE
    ../../angel/rt.s                         0x00000000   Number         0  rt_fp_status_addr.o ABSOLUTE
    ../../angel/rt.s                         0x00000000   Number         0  rt_fp_status_addr_intlibspace.o ABSOLUTE
    ../../angel/rt.s                         0x00000000   Number         0  rt_ctype_table.o ABSOLUTE
    ../../angel/rt.s                         0x00000000   Number         0  rt_locale_intlibspace.o ABSOLUTE
    ../../angel/rt.s                         0x00000000   Number         0  rt_locale.o ABSOLUTE
    ../../angel/rt.s                         0x00000000   Number         0  rt_raise.o ABSOLUTE
    ../../angel/scatter.s                    0x00000000   Number         0  __scatter.o ABSOLUTE
    ../../angel/startup.s                    0x00000000   Number         0  __main.o ABSOLUTE
    ../../angel/sys.s                        0x00000000   Number         0  libspace.o ABSOLUTE
    ../../angel/sys.s                        0x00000000   Number         0  sys_stackheap_outer.o ABSOLUTE
    ../../angel/sys.s                        0x00000000   Number         0  indicate_semi.o ABSOLUTE
    ../../angel/sys.s                        0x00000000   Number         0  use_no_semi.o ABSOLUTE
    ../../angel/sysapp.c                     0x00000000   Number         0  sys_exit.o ABSOLUTE
    ../../angel/sysapp.c                     0x00000000   Number         0  sys_wrch.o ABSOLUTE
    ../../angel/sysapp.c                     0x00000000   Number         0  sys_command.o ABSOLUTE
    ../../armsys.c                           0x00000000   Number         0  no_argv.o ABSOLUTE
    ../../armsys.c                           0x00000000   Number         0  _get_argv_nomalloc.o ABSOLUTE
    ../../armsys.c                           0x00000000   Number         0  argv_veneer.o ABSOLUTE
    ../../armsys.c                           0x00000000   Number         0  argv_veneer.o ABSOLUTE
    ../../bigflt.c                           0x00000000   Number         0  bigflt0.o ABSOLUTE
    ../../btod.s                             0x00000000   Number         0  btod.o ABSOLUTE
    ../../fpclassify.c                       0x00000000   Number         0  fpclassify.o ABSOLUTE
    ../../fpinit.s                           0x00000000   Number         0  fpinit.o ABSOLUTE
    ../../heapalloc.c                        0x00000000   Number         0  hrguard.o ABSOLUTE
    ../../heapaux.c                          0x00000000   Number         0  heapauxi.o ABSOLUTE
    ../../istatus.s                          0x00000000   Number         0  istatus.o ABSOLUTE
    ../../libinit.s                          0x00000000   Number         0  libshutdown2.o ABSOLUTE
    ../../libinit.s                          0x00000000   Number         0  libinit.o ABSOLUTE
    ../../libinit.s                          0x00000000   Number         0  libinit2.o ABSOLUTE
    ../../libinit.s                          0x00000000   Number         0  libshutdown.o ABSOLUTE
    ../../locale.c                           0x00000000   Number         0  _wcrtomb.o ABSOLUTE
    ../../locale.s                           0x00000000   Number         0  lc_numeric_c.o ABSOLUTE
    ../../locale.s                           0x00000000   Number         0  lc_ctype_c.o ABSOLUTE
    ../../longlong.s                         0x00000000   Number         0  lludiv10.o ABSOLUTE
    ../../memcpset.s                         0x00000000   Number         0  strcmpv7m.o ABSOLUTE
    ../../misc.s                             0x00000000   Number         0  printf_stubs.o ABSOLUTE
    ../../printf.c                           0x00000000   Number         0  __printf.o ABSOLUTE
    ../../printf.c                           0x00000000   Number         0  _printf_pad.o ABSOLUTE
    ../../printf.c                           0x00000000   Number         0  _printf_truncate.o ABSOLUTE
    ../../printf.c                           0x00000000   Number         0  _printf_str.o ABSOLUTE
    ../../printf.c                           0x00000000   Number         0  _printf_dec.o ABSOLUTE
    ../../printf.c                           0x00000000   Number         0  _printf_charcount.o ABSOLUTE
    ../../printf.c                           0x00000000   Number         0  _printf_char_common.o ABSOLUTE
    ../../printf.c                           0x00000000   Number         0  _sputc.o ABSOLUTE
    ../../printf.c                           0x00000000   Number         0  _printf_wctomb.o ABSOLUTE
    ../../printf.c                           0x00000000   Number         0  _printf_longlong_dec.o ABSOLUTE
    ../../printf.c                           0x00000000   Number         0  _printf_oct_int.o ABSOLUTE
    ../../printf.c                           0x00000000   Number         0  _printf_oct_int_ll.o ABSOLUTE
    ../../printf.c                           0x00000000   Number         0  _printf_hex_ll.o ABSOLUTE
    ../../printf.c                           0x00000000   Number         0  _printf_hex_int.o ABSOLUTE
    ../../printf.c                           0x00000000   Number         0  _printf_hex_int_ll.o ABSOLUTE
    ../../printf.c                           0x00000000   Number         0  _printf_hex_int_ptr.o ABSOLUTE
    ../../printf.c                           0x00000000   Number         0  _printf_oct_ll.o ABSOLUTE
    ../../printf.c                           0x00000000   Number         0  _printf_fp_infnan.o ABSOLUTE
    ../../printf.c                           0x00000000   Number         0  _printf_hex_ll_ptr.o ABSOLUTE
    ../../printf.c                           0x00000000   Number         0  _printf_hex_int_ll_ptr.o ABSOLUTE
    ../../printf.c                           0x00000000   Number         0  __printf_flags.o ABSOLUTE
    ../../printf.c                           0x00000000   Number         0  __printf_ss.o ABSOLUTE
    ../../printf.c                           0x00000000   Number         0  __printf_flags_ss.o ABSOLUTE
    ../../printf.c                           0x00000000   Number         0  __printf_wp.o ABSOLUTE
    ../../printf.c                           0x00000000   Number         0  __printf_flags_wp.o ABSOLUTE
    ../../printf.c                           0x00000000   Number         0  __printf_ss_wp.o ABSOLUTE
    ../../printf.c                           0x00000000   Number         0  __printf_flags_ss_wp.o ABSOLUTE
    ../../printf.c                           0x00000000   Number         0  _printf_wchar.o ABSOLUTE
    ../../printf.c                           0x00000000   Number         0  _printf_char.o ABSOLUTE
    ../../printf.c                           0x00000000   Number         0  __printf_nopercent.o ABSOLUTE
    ../../printf.c                           0x00000000   Number         0  _printf_fp_dec.o ABSOLUTE
    ../../printf.c                           0x00000000   Number         0  _printf_intcommon.o ABSOLUTE
    ../../printf.c                           0x00000000   Number         0  c89vsprintf.o ABSOLUTE
    ../../printf.c                           0x00000000   Number         0  _printf_hex_ptr.o ABSOLUTE
    ../../printf1.s                          0x00000000   Number         0  printf1.o ABSOLUTE
    ../../printf_percent.s                   0x00000000   Number         0  _printf_lld.o ABSOLUTE
    ../../printf_percent.s                   0x00000000   Number         0  _printf_llu.o ABSOLUTE
    ../../printf_percent.s                   0x00000000   Number         0  _printf_a.o ABSOLUTE
    ../../printf_percent.s                   0x00000000   Number         0  _printf_ll.o ABSOLUTE
    ../../printf_percent.s                   0x00000000   Number         0  _printf_g.o ABSOLUTE
    ../../printf_percent.s                   0x00000000   Number         0  _printf_c.o ABSOLUTE
    ../../printf_percent.s                   0x00000000   Number         0  _printf_s.o ABSOLUTE
    ../../printf_percent.s                   0x00000000   Number         0  _printf_n.o ABSOLUTE
    ../../printf_percent.s                   0x00000000   Number         0  _printf_x.o ABSOLUTE
    ../../printf_percent.s                   0x00000000   Number         0  _printf_p.o ABSOLUTE
    ../../printf_percent.s                   0x00000000   Number         0  _printf_l.o ABSOLUTE
    ../../printf_percent.s                   0x00000000   Number         0  _printf_o.o ABSOLUTE
    ../../printf_percent.s                   0x00000000   Number         0  _printf_i.o ABSOLUTE
    ../../printf_percent.s                   0x00000000   Number         0  _printf_d.o ABSOLUTE
    ../../printf_percent.s                   0x00000000   Number         0  _printf_u.o ABSOLUTE
    ../../printf_percent.s                   0x00000000   Number         0  _printf_f.o ABSOLUTE
    ../../printf_percent.s                   0x00000000   Number         0  _printf_e.o ABSOLUTE
    ../../printf_percent.s                   0x00000000   Number         0  _printf_lli.o ABSOLUTE
    ../../printf_percent.s                   0x00000000   Number         0  _printf_llx.o ABSOLUTE
    ../../printf_percent.s                   0x00000000   Number         0  _printf_llo.o ABSOLUTE
    ../../printf_percent.s                   0x00000000   Number         0  _printf_ls.o ABSOLUTE
    ../../printf_percent.s                   0x00000000   Number         0  _printf_lc.o ABSOLUTE
    ../../printf_percent.s                   0x00000000   Number         0  _printf_percent.o ABSOLUTE
    ../../printf_percent.s                   0x00000000   Number         0  _printf_percent_end.o ABSOLUTE
    ../../signal.c                           0x00000000   Number         0  defsig_rtmem_outer.o ABSOLUTE
    ../../signal.c                           0x00000000   Number         0  defsig_abrt_inner.o ABSOLUTE
    ../../signal.c                           0x00000000   Number         0  defsig_rtmem_formal.o ABSOLUTE
    ../../signal.c                           0x00000000   Number         0  defsig_exit.o ABSOLUTE
    ../../signal.c                           0x00000000   Number         0  defsig_rtmem_inner.o ABSOLUTE
    ../../signal.c                           0x00000000   Number         0  __raise.o ABSOLUTE
    ../../signal.c                           0x00000000   Number         0  defsig_general.o ABSOLUTE
    ../../signal.c                           0x00000000   Number         0  defsig_fpe_inner.o ABSOLUTE
    ../../signal.c                           0x00000000   Number         0  defsig_rtred_inner.o ABSOLUTE
    ../../signal.c                           0x00000000   Number         0  defsig_stak_inner.o ABSOLUTE
    ../../signal.c                           0x00000000   Number         0  defsig_pvfn_inner.o ABSOLUTE
    ../../signal.c                           0x00000000   Number         0  defsig_cppl_inner.o ABSOLUTE
    ../../signal.c                           0x00000000   Number         0  defsig_segv_inner.o ABSOLUTE
    ../../signal.c                           0x00000000   Number         0  defsig_other.o ABSOLUTE
    ../../signal.s                           0x00000000   Number         0  defsig.o ABSOLUTE
    ../../stdlib.c                           0x00000000   Number         0  exit.o ABSOLUTE
    ../../usenofp.s                          0x00000000   Number         0  usenofp.o ABSOLUTE
    ..\\board\\init_139\\init.c              0x00000000   Number         0  init.o ABSOLUTE
    ..\\common\\printf\\lcd_printf.c         0x00000000   Number         0  lcd_printf.o ABSOLUTE
    ..\\common\\system\\system_LPC17xx.c     0x00000000   Number         0  system_lpc17xx.o ABSOLUTE
    ..\\common\\timedef\\timedef.c           0x00000000   Number         0  timedef.o ABSOLUTE
    ..\\drivers\\delay\\delay.c              0x00000000   Number         0  delay.o ABSOLUTE
    ..\\drivers\\extint\\extint.c            0x00000000   Number         0  extint.o ABSOLUTE
    ..\\drivers\\gpio\\gpio.c                0x00000000   Number         0  gpio.o ABSOLUTE
    ..\\drivers\\i2c\\i2c.c                  0x00000000   Number         0  i2c.o ABSOLUTE
    ..\\drivers\\lcd12864\\lcd12864.c        0x00000000   Number         0  lcd12864.o ABSOLUTE
    ..\\drivers\\led\\led.c                  0x00000000   Number         0  led.o ABSOLUTE
    ..\\drivers\\pwm\\pwm.c                  0x00000000   Number         0  pwm.o ABSOLUTE
    ..\\drivers\\relay\\relay.c              0x00000000   Number         0  relay.o ABSOLUTE
    ..\\drivers\\rtc\\pcf8563.c              0x00000000   Number         0  pcf8563.o ABSOLUTE
    ..\\drivers\\serial\\uart0.c             0x00000000   Number         0  uart0.o ABSOLUTE
    ..\\drivers\\serial\\uart1.c             0x00000000   Number         0  uart1.o ABSOLUTE
    ..\\drivers\\serial\\uart_all.c          0x00000000   Number         0  uart_all.o ABSOLUTE
    ..\\drivers\\ssp\\ssp.c                  0x00000000   Number         0  ssp.o ABSOLUTE
    ..\\drivers\\timer\\timer_all.c          0x00000000   Number         0  timer_all.o ABSOLUTE
    ..\\src\\main.c                          0x00000000   Number         0  main.o ABSOLUTE
    ..\board\init_139\init.c                 0x00000000   Number         0  init.o ABSOLUTE
    ..\common\printf\lcd_printf.c            0x00000000   Number         0  lcd_printf.o ABSOLUTE
    ..\common\system\system_LPC17xx.c        0x00000000   Number         0  system_lpc17xx.o ABSOLUTE
    ..\common\timedef\timedef.c              0x00000000   Number         0  timedef.o ABSOLUTE
    ..\drivers\delay\delay.c                 0x00000000   Number         0  delay.o ABSOLUTE
    ..\drivers\extint\extint.c               0x00000000   Number         0  extint.o ABSOLUTE
    ..\drivers\gpio\gpio.c                   0x00000000   Number         0  gpio.o ABSOLUTE
    ..\drivers\i2c\i2c.c                     0x00000000   Number         0  i2c.o ABSOLUTE
    ..\drivers\lcd12864\lcd12864.c           0x00000000   Number         0  lcd12864.o ABSOLUTE
    ..\drivers\led\led.c                     0x00000000   Number         0  led.o ABSOLUTE
    ..\drivers\pwm\pwm.c                     0x00000000   Number         0  pwm.o ABSOLUTE
    ..\drivers\relay\relay.c                 0x00000000   Number         0  relay.o ABSOLUTE
    ..\drivers\rtc\pcf8563.c                 0x00000000   Number         0  pcf8563.o ABSOLUTE
    ..\drivers\serial\uart0.c                0x00000000   Number         0  uart0.o ABSOLUTE
    ..\drivers\serial\uart1.c                0x00000000   Number         0  uart1.o ABSOLUTE
    ..\drivers\serial\uart_all.c             0x00000000   Number         0  uart_all.o ABSOLUTE
    ..\drivers\ssp\ssp.c                     0x00000000   Number         0  ssp.o ABSOLUTE
    ..\drivers\timer\timer_all.c             0x00000000   Number         0  timer_all.o ABSOLUTE
    ..\src\main.c                            0x00000000   Number         0  main.o ABSOLUTE
    dc.s                                     0x00000000   Number         0  dc.o ABSOLUTE
    startup_LPC17xx.s                        0x00000000   Number         0  startup_lpc17xx.o ABSOLUTE
    !!!main                                  0x000000cc   Section        8  __main.o(!!!main)
    !!!scatter                               0x000000d4   Section       52  __scatter.o(!!!scatter)
    !!dczerorl2                              0x00000108   Section       90  __dczerorl2.o(!!dczerorl2)
    !!handler_zi                             0x00000164   Section       28  __scatter_zi.o(!!handler_zi)
    .ARM.Collect$$libinit$$00000000          0x00000180   Section        6  libinit.o(.ARM.Collect$$libinit$$00000000)
    .ARM.Collect$$libinit$$00000006          0x00000186   Section        0  libinit2.o(.ARM.Collect$$libinit$$00000006)
    .ARM.Collect$$libinit$$00000008          0x00000186   Section        0  libinit2.o(.ARM.Collect$$libinit$$00000008)
    .ARM.Collect$$libinit$$0000000A          0x00000186   Section        0  libinit2.o(.ARM.Collect$$libinit$$0000000A)
    .ARM.Collect$$libinit$$0000000D          0x00000186   Section        0  libinit2.o(.ARM.Collect$$libinit$$0000000D)
    .ARM.Collect$$libinit$$0000000F          0x00000186   Section        0  libinit2.o(.ARM.Collect$$libinit$$0000000F)
    .ARM.Collect$$libinit$$00000011          0x00000186   Section        0  libinit2.o(.ARM.Collect$$libinit$$00000011)
    .ARM.Collect$$libinit$$00000013          0x00000186   Section        0  libinit2.o(.ARM.Collect$$libinit$$00000013)
    .ARM.Collect$$libinit$$00000015          0x00000186   Section        0  libinit2.o(.ARM.Collect$$libinit$$00000015)
    .ARM.Collect$$libinit$$00000017          0x00000186   Section        0  libinit2.o(.ARM.Collect$$libinit$$00000017)
    .ARM.Collect$$libinit$$00000019          0x00000186   Section        0  libinit2.o(.ARM.Collect$$libinit$$00000019)
    .ARM.Collect$$libinit$$0000001B          0x00000186   Section        0  libinit2.o(.ARM.Collect$$libinit$$0000001B)
    .ARM.Collect$$libinit$$0000001D          0x00000186   Section        0  libinit2.o(.ARM.Collect$$libinit$$0000001D)
    .ARM.Collect$$libinit$$0000001F          0x00000186   Section        0  libinit2.o(.ARM.Collect$$libinit$$0000001F)
    .ARM.Collect$$libinit$$00000021          0x00000186   Section        0  libinit2.o(.ARM.Collect$$libinit$$00000021)
    .ARM.Collect$$libinit$$00000028          0x00000186   Section        0  libinit2.o(.ARM.Collect$$libinit$$00000028)
    .ARM.Collect$$libinit$$0000002A          0x00000186   Section        0  libinit2.o(.ARM.Collect$$libinit$$0000002A)
    .ARM.Collect$$libinit$$0000002C          0x00000186   Section        0  libinit2.o(.ARM.Collect$$libinit$$0000002C)
    .ARM.Collect$$libinit$$0000002E          0x00000186   Section        0  libinit2.o(.ARM.Collect$$libinit$$0000002E)
    .ARM.Collect$$libinit$$0000002F          0x00000186   Section        2  libinit2.o(.ARM.Collect$$libinit$$0000002F)
    .ARM.Collect$$libshutdown$$00000000      0x00000188   Section        2  libshutdown.o(.ARM.Collect$$libshutdown$$00000000)
    .ARM.Collect$$libshutdown$$00000003      0x0000018a   Section        0  libshutdown2.o(.ARM.Collect$$libshutdown$$00000003)
    .ARM.Collect$$libshutdown$$00000006      0x0000018a   Section        0  libshutdown2.o(.ARM.Collect$$libshutdown$$00000006)
    .ARM.Collect$$libshutdown$$00000009      0x0000018a   Section        0  libshutdown2.o(.ARM.Collect$$libshutdown$$00000009)
    .ARM.Collect$$libshutdown$$0000000B      0x0000018a   Section        0  libshutdown2.o(.ARM.Collect$$libshutdown$$0000000B)
    .ARM.Collect$$libshutdown$$0000000E      0x0000018a   Section        0  libshutdown2.o(.ARM.Collect$$libshutdown$$0000000E)
    .ARM.Collect$$libshutdown$$0000000F      0x0000018a   Section        2  libshutdown2.o(.ARM.Collect$$libshutdown$$0000000F)
    .ARM.Collect$$rtentry$$00000000          0x0000018c   Section        0  rtentry.o(.ARM.Collect$$rtentry$$00000000)
    .ARM.Collect$$rtentry$$00000002          0x0000018c   Section        0  rtentry2.o(.ARM.Collect$$rtentry$$00000002)
    .ARM.Collect$$rtentry$$00000004          0x0000018c   Section        6  rtentry4.o(.ARM.Collect$$rtentry$$00000004)
    .ARM.Collect$$rtentry$$00000009          0x00000192   Section        0  rtentry2.o(.ARM.Collect$$rtentry$$00000009)
    .ARM.Collect$$rtentry$$0000000A          0x00000192   Section        4  rtentry2.o(.ARM.Collect$$rtentry$$0000000A)
    .ARM.Collect$$rtentry$$0000000C          0x00000196   Section        0  rtentry2.o(.ARM.Collect$$rtentry$$0000000C)
    .ARM.Collect$$rtentry$$0000000D          0x00000196   Section        8  rtentry2.o(.ARM.Collect$$rtentry$$0000000D)
    .ARM.Collect$$rtexit$$00000000           0x0000019e   Section        2  rtexit.o(.ARM.Collect$$rtexit$$00000000)
    .ARM.Collect$$rtexit$$00000002           0x000001a0   Section        0  rtexit2.o(.ARM.Collect$$rtexit$$00000002)
    .ARM.Collect$$rtexit$$00000003           0x000001a0   Section        4  rtexit2.o(.ARM.Collect$$rtexit$$00000003)
    .ARM.Collect$$rtexit$$00000004           0x000001a4   Section        6  rtexit2.o(.ARM.Collect$$rtexit$$00000004)
    .text                                    0x000001ac   Section       60  startup_lpc17xx.o(.text)
    .text                                    0x000001e8   Section        0  main.o(.text)
    .text                                    0x000001f0   Section        0  delay.o(.text)
    .text                                    0x00000228   Section        0  pwm.o(.text)
    .text                                    0x000002f0   Section        0  heapauxi.o(.text)
    .text                                    0x000002f6   Section        2  use_no_semi.o(.text)
    .text                                    0x000002f8   Section        0  indicate_semi.o(.text)
    .ARM.__at_0x02FC                         0x000002fc   Section        4  startup_lpc17xx.o(.ARM.__at_0x02FC)
    .text                                    0x00000300   Section        0  system_lpc17xx.o(.text)
    .text                                    0x00000534   Section        0  timedef.o(.text)
    .text                                    0x000006a4   Section        0  uart0.o(.text)
    .text                                    0x00000800   Section        0  uart1.o(.text)
    NVIC_SetPriority                         0x00000801   Thumb Code    32  uart1.o(.text)
    NVIC_EnableIRQ                           0x00000963   Thumb Code    24  uart1.o(.text)
    .text                                    0x000009a4   Section        0  timer_all.o(.text)
    NVIC_SetPriority                         0x000009a5   Thumb Code    32  timer_all.o(.text)
    NVIC_EnableIRQ                           0x00000b9d   Thumb Code    24  timer_all.o(.text)
    .text                                    0x00000bd0   Section        0  i2c.o(.text)
    .text                                    0x00001074   Section        0  gpio.o(.text)
    .text                                    0x00001244   Section        0  ssp.o(.text)
    .text                                    0x000017f0   Section        0  led.o(.text)
    .text                                    0x00001994   Section        0  relay.o(.text)
    .text                                    0x00001a04   Section        0  lcd12864.o(.text)
    .text                                    0x000022ac   Section        0  extint.o(.text)
    NVIC_SetPriority                         0x000022ad   Thumb Code    32  extint.o(.text)
    NVIC_EnableIRQ                           0x0000239f   Thumb Code    24  extint.o(.text)
    .text                                    0x000023dc   Section        0  init.o(.text)
    .text                                    0x00002454   Section       74  sys_stackheap_outer.o(.text)
    .text                                    0x0000249e   Section        0  exit.o(.text)
    .text                                    0x000024ac   Section        8  libspace.o(.text)
    .text                                    0x000024b4   Section        8  rt_fp_status_addr_intlibspace.o(.text)
    .text                                    0x000024bc   Section        0  sys_exit.o(.text)
    x$fpl$fpinit                             0x000024c8   Section       14  fpinit.o(x$fpl$fpinit)
    .constdata                               0x000024d6   Section    265344  lcd12864.o(.constdata)
    .data                                    0x10000000   Section        4  system_lpc17xx.o(.data)
    .data                                    0x10000004   Section       40  timedef.o(.data)
    m_Time0Def                               0x10000018   Data          16  timedef.o(.data)
    .data                                    0x1000002c   Section        4  delay.o(.data)
    .data                                    0x10000030   Section       22  i2c.o(.data)
    .data                                    0x10000048   Section        4  pwm.o(.data)
    .data                                    0x1000004c   Section     1168  lcd12864.o(.data)
    .bss                                     0x100004dc   Section       96  libspace.o(.bss)
    HEAP                                     0x10000540   Section        0  startup_lpc17xx.o(HEAP)
    STACK                                    0x10000540   Section      512  startup_lpc17xx.o(STACK)
    Heap_Mem                                 0x10000540   Data           0  startup_lpc17xx.o(HEAP)
    Stack_Mem                                0x10000540   Data         512  startup_lpc17xx.o(STACK)
    __initial_sp                             0x10000740   Data           0  startup_lpc17xx.o(STACK)

    Global Symbols

    Symbol Name                              Value     Ov Type        Size  Object(Section)

    BuildAttributes$$THM_ISAv4$P$D$K$B$S$PE$A:L22UL41UL21$X:L11$S22US41US21$IEEE1$IW$USESV6$~STKCKD$USESV7$~SHL$OTIME$ROPI$IEEEJ$EBA8$UX$STANDARDLIB$REQ8$PRES8$EABIv2 0x00000000   Number         0  anon$$obj.o ABSOLUTE
    __ARM_use_no_argv                        0x00000000   Number         0  main.o ABSOLUTE
    __Vectors                                0x00000000   Data           4  startup_lpc17xx.o(RESET)
    _printf_flags                            0x00000000   Number         0  printf_stubs.o ABSOLUTE
    _printf_return_value                     0x00000000   Number         0  printf_stubs.o ABSOLUTE
    _printf_sizespec                         0x00000000   Number         0  printf_stubs.o ABSOLUTE
    _printf_widthprec                        0x00000000   Number         0  printf_stubs.o ABSOLUTE
    __ARM_exceptions_init                     - Undefined Weak Reference
    __alloca_initialize                       - Undefined Weak Reference
    __cpp_initialize__aeabi_                  - Undefined Weak Reference
    __cxa_finalize                            - Undefined Weak Reference
    __sigvec_lookup                           - Undefined Weak Reference
    _atexit_init                              - Undefined Weak Reference
    _call_atexit_fns                          - Undefined Weak Reference
    _clock_init                               - Undefined Weak Reference
    _fp_trap_init                             - Undefined Weak Reference
    _fp_trap_shutdown                         - Undefined Weak Reference
    _get_lc_collate                           - Undefined Weak Reference
    _get_lc_monetary                          - Undefined Weak Reference
    _get_lc_time                              - Undefined Weak Reference
    _getenv_init                              - Undefined Weak Reference
    _handle_redirection                       - Undefined Weak Reference
    _init_alloc                               - Undefined Weak Reference
    _init_user_alloc                          - Undefined Weak Reference
    _initio                                   - Undefined Weak Reference
    _printf_fp_hex                            - Undefined Weak Reference
    _printf_mbtowc                            - Undefined Weak Reference
    _printf_wc                                - Undefined Weak Reference
    _rand_init                                - Undefined Weak Reference
    _signal_finish                            - Undefined Weak Reference
    _signal_init                              - Undefined Weak Reference
    _terminate_alloc                          - Undefined Weak Reference
    _terminate_user_alloc                     - Undefined Weak Reference
    _terminateio                              - Undefined Weak Reference
    __main                                   0x000000cd   Thumb Code     8  __main.o(!!!main)
    __scatterload                            0x000000d5   Thumb Code     0  __scatter.o(!!!scatter)
    __scatterload_rt2                        0x000000d5   Thumb Code    44  __scatter.o(!!!scatter)
    __scatterload_rt2_thumb_only             0x000000d5   Thumb Code     0  __scatter.o(!!!scatter)
    __scatterload_null                       0x000000e3   Thumb Code     0  __scatter.o(!!!scatter)
    __decompress                             0x00000109   Thumb Code    90  __dczerorl2.o(!!dczerorl2)
    __decompress1                            0x00000109   Thumb Code     0  __dczerorl2.o(!!dczerorl2)
    __scatterload_zeroinit                   0x00000165   Thumb Code    28  __scatter_zi.o(!!handler_zi)
    __rt_lib_init                            0x00000181   Thumb Code     0  libinit.o(.ARM.Collect$$libinit$$00000000)
    __rt_lib_init_alloca_1                   0x00000187   Thumb Code     0  libinit2.o(.ARM.Collect$$libinit$$0000002A)
    __rt_lib_init_argv_1                     0x00000187   Thumb Code     0  libinit2.o(.ARM.Collect$$libinit$$00000028)
    __rt_lib_init_atexit_1                   0x00000187   Thumb Code     0  libinit2.o(.ARM.Collect$$libinit$$00000017)
    __rt_lib_init_clock_1                    0x00000187   Thumb Code     0  libinit2.o(.ARM.Collect$$libinit$$0000001D)
    __rt_lib_init_cpp_1                      0x00000187   Thumb Code     0  libinit2.o(.ARM.Collect$$libinit$$0000002E)
    __rt_lib_init_exceptions_1               0x00000187   Thumb Code     0  libinit2.o(.ARM.Collect$$libinit$$0000002C)
    __rt_lib_init_fp_trap_1                  0x00000187   Thumb Code     0  libinit2.o(.ARM.Collect$$libinit$$0000001B)
    __rt_lib_init_getenv_1                   0x00000187   Thumb Code     0  libinit2.o(.ARM.Collect$$libinit$$0000001F)
    __rt_lib_init_heap_1                     0x00000187   Thumb Code     0  libinit2.o(.ARM.Collect$$libinit$$00000006)
    __rt_lib_init_lc_collate_1               0x00000187   Thumb Code     0  libinit2.o(.ARM.Collect$$libinit$$0000000D)
    __rt_lib_init_lc_ctype_1                 0x00000187   Thumb Code     0  libinit2.o(.ARM.Collect$$libinit$$0000000F)
    __rt_lib_init_lc_monetary_1              0x00000187   Thumb Code     0  libinit2.o(.ARM.Collect$$libinit$$00000011)
    __rt_lib_init_lc_numeric_1               0x00000187   Thumb Code     0  libinit2.o(.ARM.Collect$$libinit$$00000013)
    __rt_lib_init_lc_time_1                  0x00000187   Thumb Code     0  libinit2.o(.ARM.Collect$$libinit$$00000015)
    __rt_lib_init_rand_1                     0x00000187   Thumb Code     0  libinit2.o(.ARM.Collect$$libinit$$0000000A)
    __rt_lib_init_return                     0x00000187   Thumb Code     0  libinit2.o(.ARM.Collect$$libinit$$0000002F)
    __rt_lib_init_signal_1                   0x00000187   Thumb Code     0  libinit2.o(.ARM.Collect$$libinit$$00000019)
    __rt_lib_init_stdio_1                    0x00000187   Thumb Code     0  libinit2.o(.ARM.Collect$$libinit$$00000021)
    __rt_lib_init_user_alloc_1               0x00000187   Thumb Code     0  libinit2.o(.ARM.Collect$$libinit$$00000008)
    __rt_lib_shutdown                        0x00000189   Thumb Code     0  libshutdown.o(.ARM.Collect$$libshutdown$$00000000)
    __rt_lib_shutdown_fp_trap_1              0x0000018b   Thumb Code     0  libshutdown2.o(.ARM.Collect$$libshutdown$$00000006)
    __rt_lib_shutdown_heap_1                 0x0000018b   Thumb Code     0  libshutdown2.o(.ARM.Collect$$libshutdown$$0000000E)
    __rt_lib_shutdown_return                 0x0000018b   Thumb Code     0  libshutdown2.o(.ARM.Collect$$libshutdown$$0000000F)
    __rt_lib_shutdown_signal_1               0x0000018b   Thumb Code     0  libshutdown2.o(.ARM.Collect$$libshutdown$$00000009)
    __rt_lib_shutdown_stdio_1                0x0000018b   Thumb Code     0  libshutdown2.o(.ARM.Collect$$libshutdown$$00000003)
    __rt_lib_shutdown_user_alloc_1           0x0000018b   Thumb Code     0  libshutdown2.o(.ARM.Collect$$libshutdown$$0000000B)
    __rt_entry                               0x0000018d   Thumb Code     0  rtentry.o(.ARM.Collect$$rtentry$$00000000)
    __rt_entry_presh_1                       0x0000018d   Thumb Code     0  rtentry2.o(.ARM.Collect$$rtentry$$00000002)
    __rt_entry_sh                            0x0000018d   Thumb Code     0  rtentry4.o(.ARM.Collect$$rtentry$$00000004)
    __rt_entry_li                            0x00000193   Thumb Code     0  rtentry2.o(.ARM.Collect$$rtentry$$0000000A)
    __rt_entry_postsh_1                      0x00000193   Thumb Code     0  rtentry2.o(.ARM.Collect$$rtentry$$00000009)
    __rt_entry_main                          0x00000197   Thumb Code     0  rtentry2.o(.ARM.Collect$$rtentry$$0000000D)
    __rt_entry_postli_1                      0x00000197   Thumb Code     0  rtentry2.o(.ARM.Collect$$rtentry$$0000000C)
    __rt_exit                                0x0000019f   Thumb Code     0  rtexit.o(.ARM.Collect$$rtexit$$00000000)
    __rt_exit_ls                             0x000001a1   Thumb Code     0  rtexit2.o(.ARM.Collect$$rtexit$$00000003)
    __rt_exit_prels_1                        0x000001a1   Thumb Code     0  rtexit2.o(.ARM.Collect$$rtexit$$00000002)
    __rt_exit_exit                           0x000001a5   Thumb Code     0  rtexit2.o(.ARM.Collect$$rtexit$$00000004)
    Reset_Handler                            0x000001ad   Thumb Code     8  startup_lpc17xx.o(.text)
    NMI_Handler                              0x000001b5   Thumb Code     2  startup_lpc17xx.o(.text)
    HardFault_Handler                        0x000001b7   Thumb Code     2  startup_lpc17xx.o(.text)
    MemManage_Handler                        0x000001b9   Thumb Code     2  startup_lpc17xx.o(.text)
    BusFault_Handler                         0x000001bb   Thumb Code     2  startup_lpc17xx.o(.text)
    UsageFault_Handler                       0x000001bd   Thumb Code     2  startup_lpc17xx.o(.text)
    SVC_Handler                              0x000001bf   Thumb Code     2  startup_lpc17xx.o(.text)
    DebugMon_Handler                         0x000001c1   Thumb Code     2  startup_lpc17xx.o(.text)
    PendSV_Handler                           0x000001c3   Thumb Code     2  startup_lpc17xx.o(.text)
    ADC_IRQHandler                           0x000001c7   Thumb Code     0  startup_lpc17xx.o(.text)
    BOD_IRQHandler                           0x000001c7   Thumb Code     0  startup_lpc17xx.o(.text)
    CANActivity_IRQHandler                   0x000001c7   Thumb Code     0  startup_lpc17xx.o(.text)
    CAN_IRQHandler                           0x000001c7   Thumb Code     0  startup_lpc17xx.o(.text)
    DMA_IRQHandler                           0x000001c7   Thumb Code     0  startup_lpc17xx.o(.text)
    EINT0_IRQHandler                         0x000001c7   Thumb Code     0  startup_lpc17xx.o(.text)
    EINT1_IRQHandler                         0x000001c7   Thumb Code     0  startup_lpc17xx.o(.text)
    EINT2_IRQHandler                         0x000001c7   Thumb Code     0  startup_lpc17xx.o(.text)
    EINT3_IRQHandler                         0x000001c7   Thumb Code     0  startup_lpc17xx.o(.text)
    ENET_IRQHandler                          0x000001c7   Thumb Code     0  startup_lpc17xx.o(.text)
    I2C1_IRQHandler                          0x000001c7   Thumb Code     0  startup_lpc17xx.o(.text)
    I2C2_IRQHandler                          0x000001c7   Thumb Code     0  startup_lpc17xx.o(.text)
    I2S_IRQHandler                           0x000001c7   Thumb Code     0  startup_lpc17xx.o(.text)
    MCPWM_IRQHandler                         0x000001c7   Thumb Code     0  startup_lpc17xx.o(.text)
    PLL0_IRQHandler                          0x000001c7   Thumb Code     0  startup_lpc17xx.o(.text)
    PLL1_IRQHandler                          0x000001c7   Thumb Code     0  startup_lpc17xx.o(.text)
    QEI_IRQHandler                           0x000001c7   Thumb Code     0  startup_lpc17xx.o(.text)
    RIT_IRQHandler                           0x000001c7   Thumb Code     0  startup_lpc17xx.o(.text)
    RTC_IRQHandler                           0x000001c7   Thumb Code     0  startup_lpc17xx.o(.text)
    SPI_IRQHandler                           0x000001c7   Thumb Code     0  startup_lpc17xx.o(.text)
    SSP0_IRQHandler                          0x000001c7   Thumb Code     0  startup_lpc17xx.o(.text)
    SSP1_IRQHandler                          0x000001c7   Thumb Code     0  startup_lpc17xx.o(.text)
    TIMER0_IRQHandler                        0x000001c7   Thumb Code     0  startup_lpc17xx.o(.text)
    TIMER1_IRQHandler                        0x000001c7   Thumb Code     0  startup_lpc17xx.o(.text)
    TIMER2_IRQHandler                        0x000001c7   Thumb Code     0  startup_lpc17xx.o(.text)
    TIMER3_IRQHandler                        0x000001c7   Thumb Code     0  startup_lpc17xx.o(.text)
    UART0_IRQHandler                         0x000001c7   Thumb Code     0  startup_lpc17xx.o(.text)
    UART1_IRQHandler                         0x000001c7   Thumb Code     0  startup_lpc17xx.o(.text)
    UART2_IRQHandler                         0x000001c7   Thumb Code     0  startup_lpc17xx.o(.text)
    UART3_IRQHandler                         0x000001c7   Thumb Code     0  startup_lpc17xx.o(.text)
    USBActivity_IRQHandler                   0x000001c7   Thumb Code     0  startup_lpc17xx.o(.text)
    USB_IRQHandler                           0x000001c7   Thumb Code     0  startup_lpc17xx.o(.text)
    WDT_IRQHandler                           0x000001c7   Thumb Code     0  startup_lpc17xx.o(.text)
    __user_initial_stackheap                 0x000001c9   Thumb Code     0  startup_lpc17xx.o(.text)
    main                                     0x000001e9   Thumb Code     8  main.o(.text)
    SysTick_Handler                          0x000001f1   Thumb Code    12  delay.o(.text)
    DelayUs2x                                0x000001fd   Thumb Code    12  delay.o(.text)
    Delay1Ms                                 0x00000209   Thumb Code    28  delay.o(.text)
    PWM1_IRQHandler                          0x00000229   Thumb Code    32  pwm.o(.text)
    PWM_Init                                 0x00000249   Thumb Code    98  pwm.o(.text)
    PWM1_Set                                 0x000002ab   Thumb Code    24  pwm.o(.text)
    PWM1_Start                               0x000002c3   Thumb Code    14  pwm.o(.text)
    PWM1_Stop                                0x000002d1   Thumb Code    10  pwm.o(.text)
    __use_two_region_memory                  0x000002f1   Thumb Code     2  heapauxi.o(.text)
    __rt_heap_escrow$2region                 0x000002f3   Thumb Code     2  heapauxi.o(.text)
    __rt_heap_expand$2region                 0x000002f5   Thumb Code     2  heapauxi.o(.text)
    __I$use$semihosting                      0x000002f7   Thumb Code     0  use_no_semi.o(.text)
    __use_no_semihosting_swi                 0x000002f7   Thumb Code     2  use_no_semi.o(.text)
    __semihosting_library_function           0x000002f9   Thumb Code     0  indicate_semi.o(.text)
    SystemInit                               0x00000301   Thumb Code   174  system_lpc17xx.o(.text)
    SystemClockUpdate                        0x000003af   Thumb Code   320  system_lpc17xx.o(.text)
    Get_CTime0Def                            0x00000535   Thumb Code     6  timedef.o(.text)
    Set_CTime0Def                            0x0000053b   Thumb Code    16  timedef.o(.text)
    Sel_CTime0Def                            0x0000054b   Thumb Code    14  timedef.o(.text)
    Get_Timer_100us                          0x00000559   Thumb Code    14  timedef.o(.text)
    Get_Timer_200us                          0x00000567   Thumb Code    16  timedef.o(.text)
    Get_Timer_600us                          0x00000577   Thumb Code    20  timedef.o(.text)
    Get_Timer_2ms                            0x0000058b   Thumb Code    20  timedef.o(.text)
    Get_Timer_5ms                            0x0000059f   Thumb Code    18  timedef.o(.text)
    Get_Timer_8ms                            0x000005b1   Thumb Code    20  timedef.o(.text)
    Get_Timer_10ms                           0x000005c5   Thumb Code    18  timedef.o(.text)
    Get_Timer_20ms                           0x000005d7   Thumb Code    18  timedef.o(.text)
    AddTwoFallEdgeCounter                    0x000005e9   Thumb Code    12  timedef.o(.text)
    ClrTwoFallEdgeCounter                    0x000005f5   Thumb Code     8  timedef.o(.text)
    GetTwoFallEdgeCounter                    0x000005fd   Thumb Code     6  timedef.o(.text)
    AddRisedgeCounter                        0x00000603   Thumb Code    12  timedef.o(.text)
    ClrRisedgeCounter                        0x0000060f   Thumb Code     8  timedef.o(.text)
    GetRisedgeCounter                        0x00000617   Thumb Code     6  timedef.o(.text)
    AddWait2msCounter                        0x0000061d   Thumb Code    12  timedef.o(.text)
    ClrWait2msCounter                        0x00000629   Thumb Code     8  timedef.o(.text)
    GetWait2msCounter                        0x00000631   Thumb Code     6  timedef.o(.text)
    Is2msArrived                             0x00000637   Thumb Code    16  timedef.o(.text)
    Enable2ms                                0x00000647   Thumb Code     8  timedef.o(.text)
    Disable2ms                               0x0000064f   Thumb Code     8  timedef.o(.text)
    Get2msState                              0x00000657   Thumb Code     6  timedef.o(.text)
    Set2msArrived                            0x0000065d   Thumb Code    16  timedef.o(.text)
    Get2msArrived                            0x0000066d   Thumb Code    10  timedef.o(.text)
    Clr2msArrived                            0x00000677   Thumb Code    14  timedef.o(.text)
    uart0_pconp_conf                         0x000006a5   Thumb Code    16  uart0.o(.text)
    uart0_pin_conf                           0x000006b5   Thumb Code    24  uart0.o(.text)
    uart0_enable                             0x000006cd   Thumb Code    64  uart0.o(.text)
    uart0_init                               0x0000070d   Thumb Code   106  uart0.o(.text)
    uart0_disable                            0x00000777   Thumb Code    18  uart0.o(.text)
    uart0_sendbyte                           0x00000789   Thumb Code    22  uart0.o(.text)
    uart0_getbyte                            0x0000079f   Thumb Code    18  uart0.o(.text)
    uart0_getstring                          0x000007b1   Thumb Code    22  uart0.o(.text)
    uart0_sendstring                         0x000007c7   Thumb Code    22  uart0.o(.text)
    uart1_pconp_conf                         0x00000821   Thumb Code    16  uart1.o(.text)
    uart1_pin_conf                           0x00000831   Thumb Code    24  uart1.o(.text)
    uart1_init                               0x00000849   Thumb Code   120  uart1.o(.text)
    uart1_enable                             0x000008c1   Thumb Code    24  uart1.o(.text)
    uart1_disable                            0x000008d9   Thumb Code    18  uart1.o(.text)
    uart1_sendbyte                           0x000008eb   Thumb Code    18  uart1.o(.text)
    uart1_sendstring                         0x000008fd   Thumb Code    22  uart1.o(.text)
    uart1_getbyte                            0x00000913   Thumb Code    18  uart1.o(.text)
    uart1_getstring                          0x00000925   Thumb Code    22  uart1.o(.text)
    UARTSend                                 0x0000093b   Thumb Code    40  uart1.o(.text)
    timer_all_init                           0x000009c5   Thumb Code   310  timer_all.o(.text)
    enable_timer                             0x00000afb   Thumb Code    48  timer_all.o(.text)
    disable_timer                            0x00000b2b   Thumb Code    48  timer_all.o(.text)
    reset_timer                              0x00000b5b   Thumb Code    66  timer_all.o(.text)
    Wait_I2c_End                             0x00000bd1   Thumb Code    48  i2c.o(.text)
    i2c0_pconp                               0x00000c01   Thumb Code    16  i2c.o(.text)
    i2c0_pin                                 0x00000c11   Thumb Code    24  i2c.o(.text)
    i2c0_con_conf                            0x00000c29   Thumb Code     8  i2c.o(.text)
    i2c0_enable                              0x00000c31   Thumb Code    60  i2c.o(.text)
    i2c0_init                                0x00000c6d   Thumb Code    64  i2c.o(.text)
    i2c0_disable                             0x00000cad   Thumb Code    18  i2c.o(.text)
    I2CIntStart                              0x00000cbf   Thumb Code    14  i2c.o(.text)
    ISendByte                                0x00000ccd   Thumb Code    48  i2c.o(.text)
    IRcvByte                                 0x00000cfd   Thumb Code    50  i2c.o(.text)
    I2C_ReadNByte                            0x00000d2f   Thumb Code   126  i2c.o(.text)
    I2C_WriteNByte                           0x00000dad   Thumb Code   120  i2c.o(.text)
    I2C0_IRQHandler                          0x00000e25   Thumb Code   576  i2c.o(.text)
    gpio_init                                0x00001075   Thumb Code   446  gpio.o(.text)
    SSP_SSELToggle                           0x00001245   Thumb Code    66  ssp.o(.text)
    ssp1_init                                0x00001287   Thumb Code   232  ssp.o(.text)
    spi_falsh_sendbyte                       0x0000136f   Thumb Code    26  ssp.o(.text)
    M25P80_CMD1B                             0x00001389   Thumb Code    36  ssp.o(.text)
    M25P80_CMD1B_READ1B                      0x000013ad   Thumb Code    46  ssp.o(.text)
    M25P80_CMD1B_S1B                         0x000013db   Thumb Code    44  ssp.o(.text)
    M25P80_Write_En                          0x00001407   Thumb Code    40  ssp.o(.text)
    M25P80_WP_En                             0x0000142f   Thumb Code    40  ssp.o(.text)
    M25P80_Busy                              0x00001457   Thumb Code    58  ssp.o(.text)
    M25P80_Section_Erase                     0x00001491   Thumb Code    96  ssp.o(.text)
    M25P80_Bulk_Erase                        0x000014f1   Thumb Code    28  ssp.o(.text)
    M25P80_Write_1Byte                       0x0000150d   Thumb Code   104  ssp.o(.text)
    M25P80_Write_Bytes                       0x00001575   Thumb Code   118  ssp.o(.text)
    M25P80_Read_1Byte                        0x000015eb   Thumb Code   110  ssp.o(.text)
    M25P80_Read_Bytes                        0x00001659   Thumb Code   114  ssp.o(.text)
    SSPSend                                  0x000016cb   Thumb Code   108  ssp.o(.text)
    SSPReceive                               0x00001737   Thumb Code    78  ssp.o(.text)
    M25P80_ReadFast_1Byte                    0x00001785   Thumb Code    94  ssp.o(.text)
    Led_Fire_Off                             0x000017f1   Thumb Code    14  led.o(.text)
    Led_Fault_Off                            0x000017ff   Thumb Code    14  led.o(.text)
    Led_Wireless_Off                         0x0000180d   Thumb Code    14  led.o(.text)
    Led_Silence_Off                          0x0000181b   Thumb Code    14  led.o(.text)
    Led_Run_Off                              0x00001829   Thumb Code    14  led.o(.text)
    Led_Fire_Init                            0x00001837   Thumb Code    36  led.o(.text)
    Led_Fault_Init                           0x0000185b   Thumb Code    36  led.o(.text)
    Led_Wireless_Init                        0x0000187f   Thumb Code    36  led.o(.text)
    Led_Silence_Init                         0x000018a3   Thumb Code    36  led.o(.text)
    Led_Run_Init                             0x000018c7   Thumb Code    36  led.o(.text)
    led_init                                 0x000018eb   Thumb Code    44  led.o(.text)
    Led_Fire_On                              0x00001917   Thumb Code    14  led.o(.text)
    Led_Fault_On                             0x00001925   Thumb Code    14  led.o(.text)
    Led_Wireless_On                          0x00001933   Thumb Code    14  led.o(.text)
    Led_Silence_On                           0x00001941   Thumb Code    14  led.o(.text)
    Led_Run_On                               0x0000194f   Thumb Code    14  led.o(.text)
    led_on                                   0x0000195d   Thumb Code    24  led.o(.text)
    Led_Off                                  0x00001975   Thumb Code    24  led.o(.text)
    Relay_Init                               0x00001995   Thumb Code    46  relay.o(.text)
    Fire_Relay_On                            0x000019c3   Thumb Code    14  relay.o(.text)
    Fire_Relay_Off                           0x000019d1   Thumb Code    14  relay.o(.text)
    Fault_Relay_On                           0x000019df   Thumb Code    14  relay.o(.text)
    Fault_Relay_Off                          0x000019ed   Thumb Code    14  relay.o(.text)
    DelayMs                                  0x00001a05   Thumb Code    24  lcd12864.o(.text)
    DATAout                                  0x00001a1d   Thumb Code    84  lcd12864.o(.text)
    CheckState                               0x00001a71   Thumb Code    78  lcd12864.o(.text)
    SendCommandToLCD                         0x00001abf   Thumb Code    60  lcd12864.o(.text)
    SetLine                                  0x00001afb   Thumb Code    16  lcd12864.o(.text)
    SetStartLine                             0x00001b0b   Thumb Code    16  lcd12864.o(.text)
    SetColumn                                0x00001b1b   Thumb Code    20  lcd12864.o(.text)
    SetOnOff                                 0x00001b2f   Thumb Code    16  lcd12864.o(.text)
    WriteByte                                0x00001b3f   Thumb Code    60  lcd12864.o(.text)
    WriteDoubleByte                          0x00001b7b   Thumb Code    52  lcd12864.o(.text)
    WriteBlackByte                           0x00001baf   Thumb Code    64  lcd12864.o(.text)
    SelectScreen                             0x00001bef   Thumb Code    90  lcd12864.o(.text)
    ClearScreen                              0x00001c49   Thumb Code    54  lcd12864.o(.text)
    Clear16Screen                            0x00001c7f   Thumb Code    54  lcd12864.o(.text)
    delay                                    0x00001cb5   Thumb Code    26  lcd12864.o(.text)
    delay_long                               0x00001ccf   Thumb Code    30  lcd12864.o(.text)
    lcd_init                                 0x00001ced   Thumb Code    50  lcd12864.o(.text)
    WriteBytedata                            0x00001d1f   Thumb Code     2  lcd12864.o(.text)
    DisplayJBHZKBlack                        0x00001d21   Thumb Code   444  lcd12864.o(.text)
    DisplayJBHZK                             0x00001edd   Thumb Code   434  lcd12864.o(.text)
    Display                                  0x0000208f   Thumb Code   102  lcd12864.o(.text)
    DisplayBlack                             0x000020f5   Thumb Code    72  lcd12864.o(.text)
    Display1                                 0x0000213d   Thumb Code   102  lcd12864.o(.text)
    DisplaynumberJBHZK                       0x000021a3   Thumb Code     2  lcd12864.o(.text)
    Displaynumber                            0x000021a5   Thumb Code    96  lcd12864.o(.text)
    DisplaynumberBlack                       0x00002205   Thumb Code    96  lcd12864.o(.text)
    WriteBlue                                0x00002265   Thumb Code    54  lcd12864.o(.text)
    pin023_extint_init                       0x000022cd   Thumb Code    54  extint.o(.text)
    pin024_extint_init                       0x00002303   Thumb Code    54  extint.o(.text)
    extint3_enable                           0x00002339   Thumb Code    18  extint.o(.text)
    extint3_init                             0x0000234b   Thumb Code    12  extint.o(.text)
    pin211_extint_init                       0x00002357   Thumb Code    42  extint.o(.text)
    extint1_enable                           0x00002381   Thumb Code    18  extint.o(.text)
    extint1_init                             0x00002393   Thumb Code    12  extint.o(.text)
    hardware_init                            0x000023dd   Thumb Code   114  init.o(.text)
    __user_setup_stackheap                   0x00002455   Thumb Code    74  sys_stackheap_outer.o(.text)
    exit                                     0x0000249f   Thumb Code    12  exit.o(.text)
    __user_libspace                          0x000024ad   Thumb Code     8  libspace.o(.text)
    __user_perproc_libspace                  0x000024ad   Thumb Code     0  libspace.o(.text)
    __user_perthread_libspace                0x000024ad   Thumb Code     0  libspace.o(.text)
    __rt_fp_status_addr                      0x000024b5   Thumb Code     8  rt_fp_status_addr_intlibspace.o(.text)
    _sys_exit                                0x000024bd   Thumb Code     8  sys_exit.o(.text)
    _fp_init                                 0x000024c9   Thumb Code    14  fpinit.o(x$fpl$fpinit)
    __fplib_config_pureend_doubles           0x000024d5   Thumb Code     0  fpinit.o(x$fpl$fpinit)
    GB2312Hzk                                0x000024d6   Data          64  lcd12864.o(.constdata)
    acASC8x16                                0x00002516   Data        3104  lcd12864.o(.constdata)
    acHZK16F                                 0x00003136   Data       262176  lcd12864.o(.constdata)
    Region$$Table$$Base                      0x00043158   Number         0  anon$$obj.o(Region$$Table)
    Region$$Table$$Limit                     0x00043178   Number         0  anon$$obj.o(Region$$Table)
    SystemFrequency                          0x10000000   Data           4  system_lpc17xx.o(.data)
    vCurTime0Def                             0x10000004   Data           4  timedef.o(.data)
    vTimer0Counter                           0x10000008   Data           4  timedef.o(.data)
    vTimerRisingCounter                      0x1000000c   Data           4  timedef.o(.data)
    vTimer0Wait2msCounter                    0x10000010   Data           4  timedef.o(.data)
    vWait2msState                            0x10000014   Data           1  timedef.o(.data)
    vWaittoRun                               0x10000028   Data           4  timedef.o(.data)
    msTicks                                  0x1000002c   Data           4  delay.o(.data)
    I2C_sla                                  0x10000030   Data           1  i2c.o(.data)
    I2C_suba                                 0x10000034   Data           4  i2c.o(.data)
    I2C_suba_num                             0x10000038   Data           1  i2c.o(.data)
    I2C_buf                                  0x1000003c   Data           4  i2c.o(.data)
    I2C_num                                  0x10000040   Data           4  i2c.o(.data)
    I2C_end                                  0x10000044   Data           1  i2c.o(.data)
    I2C_suba_en                              0x10000045   Data           1  i2c.o(.data)
    match_counter1                           0x10000048   Data           4  pwm.o(.data)
    shu                                      0x1000004c   Data         288  lcd12864.o(.data)
    Hzk1                                     0x1000016c   Data         880  lcd12864.o(.data)
    __libspace_start                         0x100004dc   Data          96  libspace.o(.bss)
    __temporary_stack_top$libspace           0x1000053c   Data           0  libspace.o(.bss)



==============================================================================

Memory Map of the image

  Image Entry point : 0x000000cd

  Load Region LR_IROM1 (Base: 0x00000000, Size: 0x00043654, Max: 0x00080000, ABSOLUTE, COMPRESSED[0x00043424])

    Execution Region ER_IROM1 (Base: 0x00000000, Size: 0x00043178, Max: 0x00080000, ABSOLUTE)

    Base Addr    Size         Type   Attr      Idx    E Section Name        Object

    0x00000000   0x000000cc   Data   RO            3    RESET               startup_lpc17xx.o
    0x000000cc   0x00000008   Code   RO          575  * !!!main             c_w.l(__main.o)
    0x000000d4   0x00000034   Code   RO          889    !!!scatter          c_w.l(__scatter.o)
    0x00000108   0x0000005a   Code   RO          887    !!dczerorl2         c_w.l(__dczerorl2.o)
    0x00000162   0x00000002   PAD
    0x00000164   0x0000001c   Code   RO          891    !!handler_zi        c_w.l(__scatter_zi.o)
    0x00000180   0x00000006   Code   RO          747    .ARM.Collect$$libinit$$00000000  c_w.l(libinit.o)
    0x00000186   0x00000000   Code   RO          765    .ARM.Collect$$libinit$$00000006  c_w.l(libinit2.o)
    0x00000186   0x00000000   Code   RO          767    .ARM.Collect$$libinit$$00000008  c_w.l(libinit2.o)
    0x00000186   0x00000000   Code   RO          769    .ARM.Collect$$libinit$$0000000A  c_w.l(libinit2.o)
    0x00000186   0x00000000   Code   RO          772    .ARM.Collect$$libinit$$0000000D  c_w.l(libinit2.o)
    0x00000186   0x00000000   Code   RO          774    .ARM.Collect$$libinit$$0000000F  c_w.l(libinit2.o)
    0x00000186   0x00000000   Code   RO          776    .ARM.Collect$$libinit$$00000011  c_w.l(libinit2.o)
    0x00000186   0x00000000   Code   RO          778    .ARM.Collect$$libinit$$00000013  c_w.l(libinit2.o)
    0x00000186   0x00000000   Code   RO          780    .ARM.Collect$$libinit$$00000015  c_w.l(libinit2.o)
    0x00000186   0x00000000   Code   RO          782    .ARM.Collect$$libinit$$00000017  c_w.l(libinit2.o)
    0x00000186   0x00000000   Code   RO          784    .ARM.Collect$$libinit$$00000019  c_w.l(libinit2.o)
    0x00000186   0x00000000   Code   RO          786    .ARM.Collect$$libinit$$0000001B  c_w.l(libinit2.o)
    0x00000186   0x00000000   Code   RO          788    .ARM.Collect$$libinit$$0000001D  c_w.l(libinit2.o)
    0x00000186   0x00000000   Code   RO          790    .ARM.Collect$$libinit$$0000001F  c_w.l(libinit2.o)
    0x00000186   0x00000000   Code   RO          792    .ARM.Collect$$libinit$$00000021  c_w.l(libinit2.o)
    0x00000186   0x00000000   Code   RO          796    .ARM.Collect$$libinit$$00000028  c_w.l(libinit2.o)
    0x00000186   0x00000000   Code   RO          798    .ARM.Collect$$libinit$$0000002A  c_w.l(libinit2.o)
    0x00000186   0x00000000   Code   RO          800    .ARM.Collect$$libinit$$0000002C  c_w.l(libinit2.o)
    0x00000186   0x00000000   Code   RO          802    .ARM.Collect$$libinit$$0000002E  c_w.l(libinit2.o)
    0x00000186   0x00000002   Code   RO          803    .ARM.Collect$$libinit$$0000002F  c_w.l(libinit2.o)
    0x00000188   0x00000002   Code   RO          828    .ARM.Collect$$libshutdown$$00000000  c_w.l(libshutdown.o)
    0x0000018a   0x00000000   Code   RO          842    .ARM.Collect$$libshutdown$$00000003  c_w.l(libshutdown2.o)
    0x0000018a   0x00000000   Code   RO          845    .ARM.Collect$$libshutdown$$00000006  c_w.l(libshutdown2.o)
    0x0000018a   0x00000000   Code   RO          848    .ARM.Collect$$libshutdown$$00000009  c_w.l(libshutdown2.o)
    0x0000018a   0x00000000   Code   RO          850    .ARM.Collect$$libshutdown$$0000000B  c_w.l(libshutdown2.o)
    0x0000018a   0x00000000   Code   RO          853    .ARM.Collect$$libshutdown$$0000000E  c_w.l(libshutdown2.o)
    0x0000018a   0x00000002   Code   RO          854    .ARM.Collect$$libshutdown$$0000000F  c_w.l(libshutdown2.o)
    0x0000018c   0x00000000   Code   RO          577    .ARM.Collect$$rtentry$$00000000  c_w.l(rtentry.o)
    0x0000018c   0x00000000   Code   RO          672    .ARM.Collect$$rtentry$$00000002  c_w.l(rtentry2.o)
    0x0000018c   0x00000006   Code   RO          684    .ARM.Collect$$rtentry$$00000004  c_w.l(rtentry4.o)
    0x00000192   0x00000000   Code   RO          674    .ARM.Collect$$rtentry$$00000009  c_w.l(rtentry2.o)
    0x00000192   0x00000004   Code   RO          675    .ARM.Collect$$rtentry$$0000000A  c_w.l(rtentry2.o)
    0x00000196   0x00000000   Code   RO          677    .ARM.Collect$$rtentry$$0000000C  c_w.l(rtentry2.o)
    0x00000196   0x00000008   Code   RO          678    .ARM.Collect$$rtentry$$0000000D  c_w.l(rtentry2.o)
    0x0000019e   0x00000002   Code   RO          756    .ARM.Collect$$rtexit$$00000000  c_w.l(rtexit.o)
    0x000001a0   0x00000000   Code   RO          807    .ARM.Collect$$rtexit$$00000002  c_w.l(rtexit2.o)
    0x000001a0   0x00000004   Code   RO          808    .ARM.Collect$$rtexit$$00000003  c_w.l(rtexit2.o)
    0x000001a4   0x00000006   Code   RO          809    .ARM.Collect$$rtexit$$00000004  c_w.l(rtexit2.o)
    0x000001aa   0x00000002   PAD
    0x000001ac   0x0000003c   Code   RO            5    .text               startup_lpc17xx.o
    0x000001e8   0x00000008   Code   RO           15    .text               main.o
    0x000001f0   0x00000038   Code   RO          282    .text               delay.o
    0x00000228   0x000000c8   Code   RO          447    .text               pwm.o
    0x000002f0   0x00000006   Code   RO          573    .text               c_w.l(heapauxi.o)
    0x000002f6   0x00000002   Code   RO          831    .text               c_w.l(use_no_semi.o)
    0x000002f8   0x00000000   Code   RO          833    .text               c_w.l(indicate_semi.o)
    0x000002f8   0x00000004   PAD
    0x000002fc   0x00000004   Code   RO            4    .ARM.__at_0x02FC    startup_lpc17xx.o
    0x00000300   0x00000234   Code   RO          117    .text               system_lpc17xx.o
    0x00000534   0x00000170   Code   RO          143    .text               timedef.o
    0x000006a4   0x0000015c   Code   RO          228    .text               uart0.o
    0x00000800   0x000001a4   Code   RO          252    .text               uart1.o
    0x000009a4   0x0000022c   Code   RO          308    .text               timer_all.o
    0x00000bd0   0x000004a4   Code   RO          332    .text               i2c.o
    0x00001074   0x000001d0   Code   RO          355    .text               gpio.o
    0x00001244   0x000005ac   Code   RO          375    .text               ssp.o
    0x000017f0   0x000001a4   Code   RO          424    .text               led.o
    0x00001994   0x00000070   Code   RO          474    .text               relay.o
    0x00001a04   0x000008a8   Code   RO          497    .text               lcd12864.o
    0x000022ac   0x00000130   Code   RO          525    .text               extint.o
    0x000023dc   0x00000078   Code   RO          545    .text               init.o
    0x00002454   0x0000004a   Code   RO          701    .text               c_w.l(sys_stackheap_outer.o)
    0x0000249e   0x0000000c   Code   RO          740    .text               c_w.l(exit.o)
    0x000024aa   0x00000002   PAD
    0x000024ac   0x00000008   Code   RO          753    .text               c_w.l(libspace.o)
    0x000024b4   0x00000008   Code   RO          816    .text               c_w.l(rt_fp_status_addr_intlibspace.o)
    0x000024bc   0x0000000c   Code   RO          820    .text               c_w.l(sys_exit.o)
    0x000024c8   0x0000000e   Code   RO          804    x$fpl$fpinit        fz_ws.l(fpinit.o)
    0x000024d6   0x00040c80   Data   RO          498    .constdata          lcd12864.o
    0x00043156   0x00000002   PAD
    0x00043158   0x00000020   Data   RO          885    Region$$Table       anon$$obj.o


    Execution Region RW_IRAM1 (Base: 0x10000000, Size: 0x00000740, Max: 0x00008000, ABSOLUTE, COMPRESSED[0x000002ac])

    Base Addr    Size         Type   Attr      Idx    E Section Name        Object

    0x10000000   0x00000004   Data   RW          118    .data               system_lpc17xx.o
    0x10000004   0x00000028   Data   RW          144    .data               timedef.o
    0x1000002c   0x00000004   Data   RW          283    .data               delay.o
    0x10000030   0x00000016   Data   RW          333    .data               i2c.o
    0x10000046   0x00000002   PAD
    0x10000048   0x00000004   Data   RW          448    .data               pwm.o
    0x1000004c   0x00000490   Data   RW          499    .data               lcd12864.o
    0x100004dc   0x00000060   Zero   RW          754    .bss                c_w.l(libspace.o)
    0x1000053c   0x00000004   PAD
    0x10000540   0x00000000   Zero   RW            2    HEAP                startup_lpc17xx.o
    0x10000540   0x00000200   Zero   RW            1    STACK               startup_lpc17xx.o


==============================================================================

Image component sizes


      Code (inc. data)   RO Data    RW Data    ZI Data      Debug   Object Name

        56          4          0          4          0       1127   delay.o
       304         38          0          0          0       1499   extint.o
       464         18          0          0          0        520   gpio.o
      1188         96          0         22          0       4164   i2c.o
       120          6          0          0          0        444   init.o
      2216         26     265344       1168          0       8797   lcd12864.o
       420          8          0          0          0       2178   led.o
         8          0          0          0          0      61999   main.o
       200         22          0          4          0      25085   pwm.o
       112         10          0          0          0        761   relay.o
      1452         36          0          0          0       4943   ssp.o
        64         26        204          0        512        864   startup_lpc17xx.o
       564         70          0          4          0        893   system_lpc17xx.o
       368         32          0         40          0       4903   timedef.o
       556         28          0          0          0      25247   timer_all.o
       348         36          0          0          0      25965   uart0.o
       420         42          0          0          0      83918   uart1.o

    ----------------------------------------------------------------------
      8860        498     265582       1244        512     253307   Object Totals
         0          0         32          0          0          0   (incl. Generated)
         0          0          2          2          0          0   (incl. Padding)

    ----------------------------------------------------------------------

      Code (inc. data)   RO Data    RW Data    ZI Data      Debug   Library Member Name

        90          0          0          0          0          0   __dczerorl2.o
         8          0          0          0          0         68   __main.o
        52          8          0          0          0          0   __scatter.o
        28          0          0          0          0          0   __scatter_zi.o
        12          0          0          0          0         72   exit.o
         6          0          0          0          0        152   heapauxi.o
         0          0          0          0          0          0   indicate_semi.o
         6          0          0          0          0          0   libinit.o
         2          0          0          0          0          0   libinit2.o
         2          0          0          0          0          0   libshutdown.o
         2          0          0          0          0          0   libshutdown2.o
         8          4          0          0         96         68   libspace.o
         8          4          0          0          0         68   rt_fp_status_addr_intlibspace.o
         0          0          0          0          0          0   rtentry.o
        12          0          0          0          0          0   rtentry2.o
         6          0          0          0          0          0   rtentry4.o
         2          0          0          0          0          0   rtexit.o
        10          0          0          0          0          0   rtexit2.o
        12          4          0          0          0         68   sys_exit.o
        74          0          0          0          0         80   sys_stackheap_outer.o
         2          0          0          0          0         68   use_no_semi.o
        14          0          0          0          0         76   fpinit.o

    ----------------------------------------------------------------------
       366         20          0          0        100        720   Library Totals
        10          0          0          0          4          0   (incl. Padding)

    ----------------------------------------------------------------------

      Code (inc. data)   RO Data    RW Data    ZI Data      Debug   Library Name

       342         20          0          0         96        644   c_w.l
        14          0          0          0          0         76   fz_ws.l

    ----------------------------------------------------------------------
       366         20          0          0        100        720   Library Totals

    ----------------------------------------------------------------------

==============================================================================


      Code (inc. data)   RO Data    RW Data    ZI Data      Debug   

      9226        518     265582       1244        612     252103   Grand Totals
      9226        518     265582        684        612     252103   ELF Image Totals (compressed)
      9226        518     265582        684          0          0   ROM Totals

==============================================================================

    Total RO  Size (Code + RO Data)               274808 ( 268.37kB)
    Total RW  Size (RW Data + ZI Data)              1856 (   1.81kB)
    Total ROM Size (Code + RO Data + RW Data)     275492 ( 269.04kB)

==============================================================================

