<html>
<body>
<pre>
<h1>µVision Build Log</h1>
<h2>Project:</h2>
E:\139_r\wireless\Project\139_wireless_mod_v1_0.uvproj
Project File Date:  03/03/2014

<h2>Output:</h2>
Build target '139_wireless_mod'
compiling main.c...
compiling init.c...
..\board\init_139\init.c(25): warning:  #223-D: function "led_init" declared implicitly
..\board\init_139\init.c(26): warning:  #223-D: function "Relay_Init" declared implicitly
linking...
Program Size: Code=9226 RO-data=265582 RW-data=1244 ZI-data=612  
"139_wireless_mod_v1_0.axf" - 0 Error(s), 2 Warning(s).
Build target '139_wireless_mod'
assembling startup_LPC17xx.s...
compiling main.c...
compiling system_LPC17xx.c...
compiling timedef.c...
compiling lcd_printf.c...
compiling uart_all.c...
compiling uart0.c...
compiling uart1.c...
compiling delay.c...
compiling timer_all.c...
compiling i2c.c...
compiling gpio.c...
compiling ssp.c...
compiling pcf8563.c...
compiling led.c...
compiling pwm.c...
compiling relay.c...
compiling lcd12864.c...
compiling extint.c...
compiling init.c...
..\board\init_139\init.c(25): warning:  #223-D: function "led_init" declared implicitly
..\board\init_139\init.c(26): warning:  #223-D: function "Relay_Init" declared implicitly
linking...
Program Size: Code=9226 RO-data=265582 RW-data=1244 ZI-data=612  
".\output\139_wireless_mod_v1_0.axf" - 0 Error(s), 2 Warning(s).
Build target '139_wireless_mod'
linking...
Program Size: Code=9226 RO-data=265582 RW-data=1244 ZI-data=612  
".\output\139_wireless_mod_v1_0.axf" - 0 Error(s), 0 Warning(s).
Build target '139_wireless_mod'
linking...
Program Size: Code=9226 RO-data=265582 RW-data=1244 ZI-data=612  
".\output\139_wireless_mod_v1_0.axf" - 0 Error(s), 0 Warning(s).
Build target '139_wireless_mod'
linking...
Program Size: Code=9226 RO-data=265582 RW-data=1244 ZI-data=612  
".\output\139_wireless_mod_v1_0.axf" - 0 Error(s), 0 Warning(s).
Build target '139_wireless_mod'
linking...
Program Size: Code=9226 RO-data=265582 RW-data=1244 ZI-data=612  
".\output\139_wireless_mod_v1_0.axf" - 0 Error(s), 0 Warning(s).
